OpenROAD v2.0-17598-ga008522d8 
Features included (+) or not (-): +Charts +GPU +GUI +Python : None
This program is licensed under the BSD-3 license. See the LICENSE file for details.
Components of this program may be licensed under more restrictive licenses which must be honored.
[INFO ORD-0030] Using 12 thread(s).
[INFO ODB-0227] LEF file: /home/jason-stone/tt-tools/reference/sky130hd-lef/sky130_fd_sc_hd.tlef, created 13 layers, 25 vias
[INFO ODB-0127] Reading DEF file: /home/jason-stone/tinytapeout-beamformer-v2-routefix/build/v3/control_boundary_handoffs/openroad/input.def
[INFO ODB-0128] Design: v3_control_boundary_handoffs
[INFO ODB-0130]     Created 28 pins.
[INFO ODB-0133]     Created 14 nets and 0 connections.
[INFO ODB-0134] Finished DEF file: /home/jason-stone/tinytapeout-beamformer-v2-routefix/build/v3/control_boundary_handoffs/openroad/input.def
[WARNING GRT-0300] Timing is not available, setting critical nets percentage to 0.
[INFO GRT-0020] Min routing layer: met2
[INFO GRT-0021] Max routing layer: met4
[INFO GRT-0022] Global adjustment: 0%
[INFO GRT-0023] Grid origin: (0, 0)
[INFO GRT-0043] No OR_DEFAULT vias defined.
[INFO GRT-0088] Layer li1     Track-Pitch = 0.4600  line-2-Via Pitch: 0.3400
[INFO GRT-0088] Layer met1    Track-Pitch = 0.3400  line-2-Via Pitch: 0.3400
[INFO GRT-0088] Layer met2    Track-Pitch = 0.4600  line-2-Via Pitch: 0.3500
[INFO GRT-0088] Layer met3    Track-Pitch = 0.6800  line-2-Via Pitch: 0.6150
[INFO GRT-0088] Layer met4    Track-Pitch = 0.9200  line-2-Via Pitch: 0.6150
[INFO GRT-0019] Found 0 clock nets.
[INFO GRT-0001] Minimum degree: 2
[INFO GRT-0002] Maximum degree: 2
[INFO GRT-0003] Macros: 0
[INFO GRT-0043] No OR_DEFAULT vias defined.
[INFO GRT-0004] Blockages: 1022

[INFO GRT-0053] Routing resources analysis:
          Routing      Original      Derated      Resource
Layer     Direction    Resources     Resources    Reduction (%)
---------------------------------------------------------------
li1        Vertical            0             0          0.00%
met1       Horizontal          0             0          0.00%
met2       Vertical          951           604          36.49%
met3       Horizontal       1333           728          45.39%
met4       Vertical          445           278          37.53%
---------------------------------------------------------------

[INFO GRT-0197] Via related to pin nodes: 42
[INFO GRT-0198] Via related Steiner nodes: 0
[INFO GRT-0199] Via filling finished.
[INFO GRT-0111] Final number of vias: 56
[INFO GRT-0112] Final usage 3D: 410

[INFO GRT-0096] Final congestion report:
Layer         Resource        Demand        Usage (%)    Max H / Max V / Total Overflow
---------------------------------------------------------------------------------------
li1                  0             0            0.00%             0 /  0 /  0
met1                 0             0            0.00%             0 /  0 /  0
met2               604             0            0.00%             0 /  0 /  0
met3               728           242           33.24%             0 /  0 /  0
met4               278             0            0.00%             0 /  0 /  0
---------------------------------------------------------------------------------------
Total             1610           242           15.03%             0 /  0 /  0

[INFO GRT-0018] Total wirelength: 1766 um
[INFO GRT-0014] Routed nets: 14
[INFO DRT-0149] Reading tech and libs.
[WARNING DRT-0349] LEF58_ENCLOSURE with no CUTCLASS is not supported. Skipping for layer mcon
[WARNING DRT-0349] LEF58_ENCLOSURE with no CUTCLASS is not supported. Skipping for layer mcon
[WARNING DRT-0349] LEF58_ENCLOSURE with no CUTCLASS is not supported. Skipping for layer via
[WARNING DRT-0349] LEF58_ENCLOSURE with no CUTCLASS is not supported. Skipping for layer via
[WARNING DRT-0349] LEF58_ENCLOSURE with no CUTCLASS is not supported. Skipping for layer via2
[WARNING DRT-0349] LEF58_ENCLOSURE with no CUTCLASS is not supported. Skipping for layer via2
[WARNING DRT-0349] LEF58_ENCLOSURE with no CUTCLASS is not supported. Skipping for layer via3
[WARNING DRT-0349] LEF58_ENCLOSURE with no CUTCLASS is not supported. Skipping for layer via3
[WARNING DRT-0349] LEF58_ENCLOSURE with no CUTCLASS is not supported. Skipping for layer via4
[WARNING DRT-0349] LEF58_ENCLOSURE with no CUTCLASS is not supported. Skipping for layer via4

Units:                1000
Number of layers:     13
Number of macros:     0
Number of vias:       25
Number of viarulegen: 25

[INFO DRT-0150] Reading design.

Design:                   v3_control_boundary_handoffs
Die area:                 ( 0 0 ) ( 206000 25760 )
Number of track patterns: 10
Number of DEF vias:       0
Number of components:     0
Number of terminals:      28
Number of snets:          0
Number of nets:           14

[INFO DRT-0167] List of default vias:
  Layer via2
    default via: M2M3_PR
  Layer via3
    default via: M3M4_PR
  Layer via4
    default via: M4M5_PR
[INFO DRT-0162] Library cell analysis.
[INFO DRT-0163] Instance analysis.
[INFO DRT-0164] Number of unique instances = 0.
[INFO DRT-0168] Init region query.
[INFO DRT-0024]   Complete FR_MASTERSLICE.
[INFO DRT-0024]   Complete Fr_VIA.
[INFO DRT-0024]   Complete li1.
[INFO DRT-0024]   Complete mcon.
[INFO DRT-0024]   Complete met1.
[INFO DRT-0024]   Complete via.
[INFO DRT-0024]   Complete met2.
[INFO DRT-0024]   Complete via2.
[INFO DRT-0024]   Complete met3.
[INFO DRT-0024]   Complete via3.
[INFO DRT-0024]   Complete met4.
[INFO DRT-0024]   Complete via4.
[INFO DRT-0024]   Complete met5.
[INFO DRT-0033] FR_MASTERSLICE shape region query size = 0.
[INFO DRT-0033] FR_VIA shape region query size = 0.
[INFO DRT-0033] li1 shape region query size = 0.
[INFO DRT-0033] mcon shape region query size = 0.
[INFO DRT-0033] met1 shape region query size = 0.
[INFO DRT-0033] via shape region query size = 0.
[INFO DRT-0033] met2 shape region query size = 790.
[INFO DRT-0033] via2 shape region query size = 0.
[INFO DRT-0033] met3 shape region query size = 188.
[INFO DRT-0033] via3 shape region query size = 0.
[INFO DRT-0033] met4 shape region query size = 72.
[INFO DRT-0033] via4 shape region query size = 0.
[INFO DRT-0033] met5 shape region query size = 0.
[INFO DRT-0165] Start pin access.
[INFO DRT-0078]   Complete 0 pins.
[INFO DRT-0081]   Complete 0 unique inst patterns.
[INFO DRT-0084]   Complete 0 groups.
#scanned instances     = 0
#unique  instances     = 0
#stdCellGenAp          = 0
#stdCellValidPlanarAp  = 0
#stdCellValidViaAp     = 0
#stdCellPinNoAp        = 0
#stdCellPinCnt         = 0
#instTermValidViaApCnt = 0
#macroGenAp            = 0
#macroValidPlanarAp    = 0
#macroValidViaAp       = 0
#macroNoAp             = 0
[INFO DRT-0166] Complete pin access.
[INFO DRT-0267] cpu time = 00:00:00, elapsed time = 00:00:00, memory = 167.41 (MB), peak = 166.84 (MB)

[INFO DRT-0157] Number of guides:     56

[INFO DRT-0169] Post process guides.
[INFO DRT-0176] GCELLGRID X 0 DO 29 STEP 6900 ;
[INFO DRT-0177] GCELLGRID Y 0 DO 3 STEP 6900 ;
[INFO DRT-0028]   Complete FR_MASTERSLICE.
[INFO DRT-0028]   Complete Fr_VIA.
[INFO DRT-0028]   Complete li1.
[INFO DRT-0028]   Complete mcon.
[INFO DRT-0028]   Complete met1.
[INFO DRT-0028]   Complete via.
[INFO DRT-0028]   Complete met2.
[INFO DRT-0028]   Complete via2.
[INFO DRT-0028]   Complete met3.
[INFO DRT-0028]   Complete via3.
[INFO DRT-0028]   Complete met4.
[INFO DRT-0028]   Complete via4.
[INFO DRT-0028]   Complete met5.
[INFO DRT-0178] Init guide query.
[INFO DRT-0035]   Complete FR_MASTERSLICE (guide).
[INFO DRT-0035]   Complete Fr_VIA (guide).
[INFO DRT-0035]   Complete li1 (guide).
[INFO DRT-0035]   Complete mcon (guide).
[INFO DRT-0035]   Complete met1 (guide).
[INFO DRT-0035]   Complete via (guide).
[INFO DRT-0035]   Complete met2 (guide).
[INFO DRT-0035]   Complete via2 (guide).
[INFO DRT-0035]   Complete met3 (guide).
[INFO DRT-0035]   Complete via3 (guide).
[INFO DRT-0035]   Complete met4 (guide).
[INFO DRT-0035]   Complete via4 (guide).
[INFO DRT-0035]   Complete met5 (guide).
[INFO DRT-0036] FR_MASTERSLICE guide region query size = 0.
[INFO DRT-0036] FR_VIA guide region query size = 0.
[INFO DRT-0036] li1 guide region query size = 0.
[INFO DRT-0036] mcon guide region query size = 0.
[INFO DRT-0036] met1 guide region query size = 0.
[INFO DRT-0036] via guide region query size = 0.
[INFO DRT-0036] met2 guide region query size = 14.
[INFO DRT-0036] via2 guide region query size = 0.
[INFO DRT-0036] met3 guide region query size = 14.
[INFO DRT-0036] via3 guide region query size = 0.
[INFO DRT-0036] met4 guide region query size = 14.
[INFO DRT-0036] via4 guide region query size = 0.
[INFO DRT-0036] met5 guide region query size = 0.
[INFO DRT-0179] Init gr pin query.
[INFO DRT-0267] cpu time = 00:00:00, elapsed time = 00:00:00, memory = 167.54 (MB), peak = 166.96 (MB)
[INFO DRT-0245] skipped writing guide updates to database.
[INFO DRT-0185] Post process initialize RPin region query.
[INFO DRT-0181] Start track assignment.
[INFO DRT-0184] Done with 28 vertical wires in 1 frboxes and 14 horizontal wires in 1 frboxes.
[INFO DRT-0186] Done with 0 vertical wires in 1 frboxes and 5 horizontal wires in 1 frboxes.
[INFO DRT-0182] Complete track assignment.
[INFO DRT-0267] cpu time = 00:00:00, elapsed time = 00:00:00, memory = 168.02 (MB), peak = 167.21 (MB)
[INFO DRT-0187] Start routing data preparation.
[INFO DRT-0267] cpu time = 00:00:00, elapsed time = 00:00:00, memory = 168.09 (MB), peak = 167.40 (MB)
[INFO DRT-0194] Start detail routing.
[INFO DRT-0195] Start 0th optimization iteration.
    Completing 10% with 0 violations.
    elapsed time = 00:00:00, memory = 173.87 (MB).
    Completing 20% with 0 violations.
    elapsed time = 00:00:00, memory = 176.19 (MB).
    Completing 30% with 0 violations.
    elapsed time = 00:00:00, memory = 176.53 (MB).
    Completing 40% with 2 violations.
    elapsed time = 00:00:00, memory = 176.53 (MB).
    Completing 50% with 2 violations.
    elapsed time = 00:00:00, memory = 176.53 (MB).
    Completing 60% with 2 violations.
    elapsed time = 00:00:00, memory = 176.53 (MB).
[INFO DRT-0199]   Number of violations = 2.
Viol/Layer        met3
Short                2
[INFO DRT-0267] cpu time = 00:00:00, elapsed time = 00:00:00, memory = 524.98 (MB), peak = 524.40 (MB)
Total wire length = 1796 um.
Total wire length on LAYER li1 = 0 um.
Total wire length on LAYER met1 = 0 um.
Total wire length on LAYER met2 = 66 um.
Total wire length on LAYER met3 = 1667 um.
Total wire length on LAYER met4 = 62 um.
Total wire length on LAYER met5 = 0 um.
Total number of vias = 30.
Up-via summary (total 30):

---------------------
 FR_MASTERSLICE     0
            li1     0
           met1     0
           met2    16
           met3    14
           met4     0
---------------------
                   30


[INFO DRT-0195] Start 1st optimization iteration.
    Completing 10% with 2 violations.
    elapsed time = 00:00:00, memory = 529.07 (MB).
    Completing 20% with 2 violations.
    elapsed time = 00:00:00, memory = 529.19 (MB).
    Completing 30% with 2 violations.
    elapsed time = 00:00:00, memory = 531.99 (MB).
    Completing 40% with 2 violations.
    elapsed time = 00:00:00, memory = 534.01 (MB).
    Completing 50% with 2 violations.
    elapsed time = 00:00:00, memory = 534.01 (MB).
    Completing 60% with 2 violations.
    elapsed time = 00:00:00, memory = 534.01 (MB).
[INFO DRT-0199]   Number of violations = 2.
Viol/Layer        met3
Short                2
[INFO DRT-0267] cpu time = 00:00:00, elapsed time = 00:00:00, memory = 534.14 (MB), peak = 533.52 (MB)
Total wire length = 1796 um.
Total wire length on LAYER li1 = 0 um.
Total wire length on LAYER met1 = 0 um.
Total wire length on LAYER met2 = 66 um.
Total wire length on LAYER met3 = 1667 um.
Total wire length on LAYER met4 = 62 um.
Total wire length on LAYER met5 = 0 um.
Total number of vias = 30.
Up-via summary (total 30):

---------------------
 FR_MASTERSLICE     0
            li1     0
           met1     0
           met2    16
           met3    14
           met4     0
---------------------
                   30


[INFO DRT-0195] Start 2nd optimization iteration.
    Completing 10% with 2 violations.
    elapsed time = 00:00:00, memory = 534.14 (MB).
    Completing 20% with 2 violations.
    elapsed time = 00:00:00, memory = 534.14 (MB).
    Completing 30% with 2 violations.
    elapsed time = 00:00:00, memory = 534.14 (MB).
    Completing 40% with 2 violations.
    elapsed time = 00:00:00, memory = 534.14 (MB).
    Completing 50% with 2 violations.
    elapsed time = 00:00:00, memory = 534.14 (MB).
    Completing 60% with 2 violations.
    elapsed time = 00:00:00, memory = 534.14 (MB).
    Completing 70% with 2 violations.
    elapsed time = 00:00:00, memory = 534.14 (MB).
    Completing 80% with 2 violations.
    elapsed time = 00:00:00, memory = 534.14 (MB).
    Completing 90% with 2 violations.
    elapsed time = 00:00:00, memory = 536.40 (MB).
    Completing 100% with 2 violations.
    elapsed time = 00:00:00, memory = 536.40 (MB).
[INFO DRT-0199]   Number of violations = 2.
Viol/Layer        met3
Short                2
[INFO DRT-0267] cpu time = 00:00:00, elapsed time = 00:00:00, memory = 536.40 (MB), peak = 535.77 (MB)
Total wire length = 1796 um.
Total wire length on LAYER li1 = 0 um.
Total wire length on LAYER met1 = 0 um.
Total wire length on LAYER met2 = 66 um.
Total wire length on LAYER met3 = 1667 um.
Total wire length on LAYER met4 = 62 um.
Total wire length on LAYER met5 = 0 um.
Total number of vias = 30.
Up-via summary (total 30):

---------------------
 FR_MASTERSLICE     0
            li1     0
           met1     0
           met2    16
           met3    14
           met4     0
---------------------
                   30


[INFO DRT-0195] Start 3rd stubborn tiles iteration.
    Completing 10% with 2 violations.
    elapsed time = 00:00:00, memory = 583.46 (MB).
    Completing 20% with 2 violations.
    elapsed time = 00:00:00, memory = 590.19 (MB).
    Completing 30% with 2 violations.
    elapsed time = 00:00:00, memory = 596.79 (MB).
    Completing 40% with 2 violations.
    elapsed time = 00:00:00, memory = 606.77 (MB).
    Completing 50% with 2 violations.
    elapsed time = 00:00:00, memory = 607.77 (MB).
    Completing 60% with 2 violations.
    elapsed time = 00:00:00, memory = 610.89 (MB).
    Completing 70% with 2 violations.
    elapsed time = 00:00:00, memory = 623.96 (MB).
    Completing 80% with 2 violations.
    elapsed time = 00:00:00, memory = 626.68 (MB).
    Completing 90% with 2 violations.
    elapsed time = 00:00:00, memory = 628.34 (MB).
    Completing 100% with 0 violations.
    elapsed time = 00:00:00, memory = 352.27 (MB).
[INFO DRT-0199]   Number of violations = 0.
[INFO DRT-0267] cpu time = 00:00:06, elapsed time = 00:00:00, memory = 628.27 (MB), peak = 627.42 (MB)
Total wire length = 1818 um.
Total wire length on LAYER li1 = 0 um.
Total wire length on LAYER met1 = 0 um.
Total wire length on LAYER met2 = 88 um.
Total wire length on LAYER met3 = 1668 um.
Total wire length on LAYER met4 = 62 um.
Total wire length on LAYER met5 = 0 um.
Total number of vias = 36.
Up-via summary (total 36):

---------------------
 FR_MASTERSLICE     0
            li1     0
           met1     0
           met2    22
           met3    14
           met4     0
---------------------
                   36


[INFO DRT-0198] Complete detail routing.
Total wire length = 1818 um.
Total wire length on LAYER li1 = 0 um.
Total wire length on LAYER met1 = 0 um.
Total wire length on LAYER met2 = 88 um.
Total wire length on LAYER met3 = 1668 um.
Total wire length on LAYER met4 = 62 um.
Total wire length on LAYER met5 = 0 um.
Total number of vias = 36.
Up-via summary (total 36):

---------------------
 FR_MASTERSLICE     0
            li1     0
           met1     0
           met2    22
           met3    14
           met4     0
---------------------
                   36


[INFO DRT-0267] cpu time = 00:00:07, elapsed time = 00:00:01, memory = 628.52 (MB), peak = 627.67 (MB)
[INFO DRT-0180] Post processing.
[INFO GRT-0237] Net N000 global route wire length: 55.20um
	Layer met3 : 55.20um
[INFO GRT-0240] Net N000 detailed route wire length: 55.83um
	Layer met2 :  8.09um
	Layer met3 : 47.37um
	Layer met4 :  0.37um
[INFO GRT-0237] Net N001 global route wire length: 69.00um
	Layer met3 : 69.00um
[INFO GRT-0240] Net N001 detailed route wire length: 65.97um
	Layer met2 :  6.05um
	Layer met3 : 58.19um
	Layer met4 :  1.73um
[INFO GRT-0237] Net N002 global route wire length: 69.00um
	Layer met3 : 69.00um
[INFO GRT-0240] Net N002 detailed route wire length: 69.19um
	Layer met2 :  6.73um
	Layer met3 : 61.41um
	Layer met4 :  1.05um
[INFO GRT-0237] Net N003 global route wire length: 82.80um
	Layer met3 : 82.80um
[INFO GRT-0240] Net N003 detailed route wire length: 92.17um
	Layer met2 :  7.41um
	Layer met3 : 83.71um
	Layer met4 :  1.05um
[INFO GRT-0237] Net N004 global route wire length: 96.60um
	Layer met3 : 96.60um
[INFO GRT-0240] Net N004 detailed route wire length: 115.39um
	Layer met2 : 15.57um
	Layer met3 : 89.93um
	Layer met4 :  9.89um
[INFO GRT-0237] Net N005 global route wire length: 110.40um
	Layer met3 : 110.40um
[INFO GRT-0240] Net N005 detailed route wire length: 110.57um
	Layer met2 :  3.33um
	Layer met3 : 102.11um
	Layer met4 :  5.13um
[INFO GRT-0237] Net N006 global route wire length: 117.30um
	Layer met3 : 117.30um
[INFO GRT-0240] Net N006 detailed route wire length: 126.15um
	Layer met2 :  8.77um
	Layer met3 : 112.93um
	Layer met4 :  4.45um
[INFO GRT-0237] Net N007 global route wire length: 138.00um
	Layer met3 : 138.00um
[INFO GRT-0240] Net N007 detailed route wire length: 132.21um
	Layer met2 :  4.01um
	Layer met3 : 124.43um
	Layer met4 :  3.77um
[INFO GRT-0237] Net N008 global route wire length: 144.90um
	Layer met3 : 144.90um
[INFO GRT-0240] Net N008 detailed route wire length: 143.71um
	Layer met2 :  4.69um
	Layer met3 : 135.93um
	Layer met4 :  3.09um
[INFO GRT-0237] Net N009 global route wire length: 151.80um
	Layer met3 : 151.80um
[INFO GRT-0240] Net N009 detailed route wire length: 155.21um
	Layer met2 :  5.37um
	Layer met3 : 147.43um
	Layer met4 :  2.41um
[INFO GRT-0237] Net N010 global route wire length: 165.60um
	Layer met3 : 165.60um
[INFO GRT-0240] Net N010 detailed route wire length: 173.51um
	Layer met2 : 11.33um
	Layer met3 : 154.33um
	Layer met4 :  7.85um
[INFO GRT-0237] Net N011 global route wire length: 179.40um
	Layer met3 : 179.40um
[INFO GRT-0240] Net N011 detailed route wire length: 182.29um
	Layer met2 :  2.43um
	Layer met3 : 172.69um
	Layer met4 :  7.17um
[INFO GRT-0237] Net N012 global route wire length: 193.20um
	Layer met3 : 193.20um
[INFO GRT-0240] Net N012 detailed route wire length: 191.07um
	Layer met2 :  1.29um
	Layer met3 : 183.29um
	Layer met4 :  6.49um
[INFO GRT-0237] Net N013 global route wire length: 193.20um
	Layer met3 : 193.20um
[INFO GRT-0240] Net N013 detailed route wire length: 202.57um
	Layer met2 :  1.97um
	Layer met3 : 194.79um
	Layer met4 :  5.81um
