OpenROAD v2.0-17598-ga008522d8 
Features included (+) or not (-): +Charts +GPU +GUI +Python : None
This program is licensed under the BSD-3 license. See the LICENSE file for details.
Components of this program may be licensed under more restrictive licenses which must be honored.
[INFO ORD-0030] Using 12 thread(s).
[INFO ODB-0227] LEF file: /home/jason-stone/tt-tools/reference/sky130hd-lef/sky130_fd_sc_hd.tlef, created 13 layers, 25 vias
[INFO ODB-0127] Reading DEF file: /home/jason-stone/tinytapeout-beamformer-v2-routefix/build/v3/control_analog_handoffs/openroad/input.def
[INFO ODB-0128] Design: v3_control_analog_handoffs
[INFO ODB-0130]     Created 85 pins.
[INFO ODB-0133]     Created 41 nets and 0 connections.
[INFO ODB-0134] Finished DEF file: /home/jason-stone/tinytapeout-beamformer-v2-routefix/build/v3/control_analog_handoffs/openroad/input.def
[WARNING GRT-0300] Timing is not available, setting critical nets percentage to 0.
[INFO GRT-0020] Min routing layer: met2
[INFO GRT-0021] Max routing layer: met4
[INFO GRT-0022] Global adjustment: 0%
[INFO GRT-0023] Grid origin: (0, 0)
[INFO GRT-0043] No OR_DEFAULT vias defined.
[INFO GRT-0088] Layer li1     Track-Pitch = 0.4600  line-2-Via Pitch: 0.3400
[INFO GRT-0088] Layer met1    Track-Pitch = 0.3400  line-2-Via Pitch: 0.3400
[INFO GRT-0088] Layer met2    Track-Pitch = 0.4600  line-2-Via Pitch: 0.3500
[INFO GRT-0088] Layer met3    Track-Pitch = 0.6800  line-2-Via Pitch: 0.6150
[INFO GRT-0088] Layer met4    Track-Pitch = 0.9200  line-2-Via Pitch: 0.6150
[INFO GRT-0019] Found 0 clock nets.
[INFO GRT-0001] Minimum degree: 2
[INFO GRT-0002] Maximum degree: 5
[INFO GRT-0003] Macros: 0
[INFO GRT-0043] No OR_DEFAULT vias defined.
[INFO GRT-0004] Blockages: 1056

[INFO GRT-0053] Routing resources analysis:
          Routing      Original      Derated      Resource
Layer     Direction    Resources     Resources    Reduction (%)
---------------------------------------------------------------
li1        Vertical            0             0          0.00%
met1       Horizontal          0             0          0.00%
met2       Vertical         1020           584          42.75%
met3       Horizontal        940           571          39.26%
met4       Vertical          480           360          25.00%
---------------------------------------------------------------

[INFO GRT-0101] Running extra iterations to remove overflow.
[INFO GRT-0197] Via related to pin nodes: 37
[INFO GRT-0198] Via related Steiner nodes: 0
[INFO GRT-0199] Via filling finished.
[INFO GRT-0111] Final number of vias: 122
[INFO GRT-0112] Final usage 3D: 735

[INFO GRT-0096] Final congestion report:
Layer         Resource        Demand        Usage (%)    Max H / Max V / Total Overflow
---------------------------------------------------------------------------------------
li1                  0             0            0.00%             0 /  0 /  0
met1                 0             0            0.00%             0 /  0 /  0
met2               584             8            1.37%             0 /  0 /  0
met3               571           283           49.56%             0 /  0 /  0
met4               360            78           21.67%             0 /  0 /  0
---------------------------------------------------------------------------------------
Total             1515           369           24.36%             0 /  0 /  0

[INFO GRT-0018] Total wirelength: 3408 um
[INFO GRT-0014] Routed nets: 41
[INFO DRT-0149] Reading tech and libs.
[WARNING DRT-0349] LEF58_ENCLOSURE with no CUTCLASS is not supported. Skipping for layer mcon
[WARNING DRT-0349] LEF58_ENCLOSURE with no CUTCLASS is not supported. Skipping for layer mcon
[WARNING DRT-0349] LEF58_ENCLOSURE with no CUTCLASS is not supported. Skipping for layer via
[WARNING DRT-0349] LEF58_ENCLOSURE with no CUTCLASS is not supported. Skipping for layer via
[WARNING DRT-0349] LEF58_ENCLOSURE with no CUTCLASS is not supported. Skipping for layer via2
[WARNING DRT-0349] LEF58_ENCLOSURE with no CUTCLASS is not supported. Skipping for layer via2
[WARNING DRT-0349] LEF58_ENCLOSURE with no CUTCLASS is not supported. Skipping for layer via3
[WARNING DRT-0349] LEF58_ENCLOSURE with no CUTCLASS is not supported. Skipping for layer via3
[WARNING DRT-0349] LEF58_ENCLOSURE with no CUTCLASS is not supported. Skipping for layer via4
[WARNING DRT-0349] LEF58_ENCLOSURE with no CUTCLASS is not supported. Skipping for layer via4

Units:                1000
Number of layers:     13
Number of macros:     0
Number of vias:       25
Number of viarulegen: 25

[INFO DRT-0150] Reading design.

Design:                   v3_control_analog_handoffs
Die area:                 ( 0 0 ) ( 108000 38500 )
Number of track patterns: 10
Number of DEF vias:       0
Number of components:     0
Number of terminals:      85
Number of snets:          0
Number of nets:           41

[WARNING DRT-0422] No routing tracks pass through the center of Term P004_1.
[WARNING DRT-0422] No routing tracks pass through the center of Term P005_1.
[WARNING DRT-0422] No routing tracks pass through the center of Term P006_1.
[WARNING DRT-0422] No routing tracks pass through the center of Term P007_1.
[WARNING DRT-0422] No routing tracks pass through the center of Term P008_1.
[WARNING DRT-0422] No routing tracks pass through the center of Term P009_1.
[WARNING DRT-0422] No routing tracks pass through the center of Term P010_1.
[WARNING DRT-0422] No routing tracks pass through the center of Term P011_1.
[WARNING DRT-0422] No routing tracks pass through the center of Term P012_1.
[WARNING DRT-0422] No routing tracks pass through the center of Term P013_1.
[WARNING DRT-0422] No routing tracks pass through the center of Term P014_1.
[WARNING DRT-0422] No routing tracks pass through the center of Term P015_1.
[WARNING DRT-0422] No routing tracks pass through the center of Term P016_1.
[WARNING DRT-0422] No routing tracks pass through the center of Term P017_1.
[WARNING DRT-0422] No routing tracks pass through the center of Term P018_1.
[WARNING DRT-0422] No routing tracks pass through the center of Term P019_1.
[WARNING DRT-0421] Term P020_1 has no pins on routing grid
[WARNING DRT-0421] Term P021_1 has no pins on routing grid
[WARNING DRT-0422] No routing tracks pass through the center of Term P022_1.
[WARNING DRT-0422] No routing tracks pass through the center of Term P023_1.
[WARNING DRT-0422] No routing tracks pass through the center of Term P024_1.
[WARNING DRT-0421] Term P025_1 has no pins on routing grid
[WARNING DRT-0421] Term P026_1 has no pins on routing grid
[WARNING DRT-0421] Term P027_1 has no pins on routing grid
[WARNING DRT-0422] No routing tracks pass through the center of Term P028_1.
[WARNING DRT-0422] No routing tracks pass through the center of Term P029_1.
[WARNING DRT-0422] No routing tracks pass through the center of Term P030_1.
[WARNING DRT-0422] No routing tracks pass through the center of Term P031_1.
[WARNING DRT-0422] No routing tracks pass through the center of Term P032_1.
[WARNING DRT-0422] No routing tracks pass through the center of Term P033_1.
[WARNING DRT-0422] No routing tracks pass through the center of Term P034_1.
[WARNING DRT-0422] No routing tracks pass through the center of Term P035_1.
[WARNING DRT-0422] No routing tracks pass through the center of Term P036_1.
[WARNING DRT-0422] No routing tracks pass through the center of Term P037_1.
[WARNING DRT-0422] No routing tracks pass through the center of Term P038_1.
[WARNING DRT-0422] No routing tracks pass through the center of Term P039_1.
[WARNING DRT-0422] No routing tracks pass through the center of Term P040_1.
[WARNING DRT-0422] No routing tracks pass through the center of Term P040_2.
[WARNING DRT-0421] Term P040_3 has no pins on routing grid
[WARNING DRT-0422] No routing tracks pass through the center of Term P040_4.
[INFO DRT-0167] List of default vias:
  Layer via2
    default via: M2M3_PR
  Layer via3
    default via: M3M4_PR
  Layer via4
    default via: M4M5_PR
[INFO DRT-0162] Library cell analysis.
[INFO DRT-0163] Instance analysis.
[INFO DRT-0164] Number of unique instances = 0.
[INFO DRT-0168] Init region query.
[INFO DRT-0024]   Complete FR_MASTERSLICE.
[INFO DRT-0024]   Complete Fr_VIA.
[INFO DRT-0024]   Complete li1.
[INFO DRT-0024]   Complete mcon.
[INFO DRT-0024]   Complete met1.
[INFO DRT-0024]   Complete via.
[INFO DRT-0024]   Complete met2.
[INFO DRT-0024]   Complete via2.
[INFO DRT-0024]   Complete met3.
[INFO DRT-0024]   Complete via3.
[INFO DRT-0024]   Complete met4.
[INFO DRT-0024]   Complete via4.
[INFO DRT-0024]   Complete met5.
[INFO DRT-0033] FR_MASTERSLICE shape region query size = 0.
[INFO DRT-0033] FR_VIA shape region query size = 0.
[INFO DRT-0033] li1 shape region query size = 0.
[INFO DRT-0033] mcon shape region query size = 0.
[INFO DRT-0033] met1 shape region query size = 0.
[INFO DRT-0033] via shape region query size = 0.
[INFO DRT-0033] met2 shape region query size = 557.
[INFO DRT-0033] via2 shape region query size = 0.
[INFO DRT-0033] met3 shape region query size = 483.
[INFO DRT-0033] via3 shape region query size = 0.
[INFO DRT-0033] met4 shape region query size = 101.
[INFO DRT-0033] via4 shape region query size = 0.
[INFO DRT-0033] met5 shape region query size = 0.
[INFO DRT-0165] Start pin access.
[INFO DRT-0078]   Complete 0 pins.
[INFO DRT-0081]   Complete 0 unique inst patterns.
[INFO DRT-0084]   Complete 0 groups.
#scanned instances     = 0
#unique  instances     = 0
#stdCellGenAp          = 0
#stdCellValidPlanarAp  = 0
#stdCellValidViaAp     = 0
#stdCellPinNoAp        = 0
#stdCellPinCnt         = 0
#instTermValidViaApCnt = 0
#macroGenAp            = 0
#macroValidPlanarAp    = 0
#macroValidViaAp       = 0
#macroNoAp             = 0
[INFO DRT-0166] Complete pin access.
[INFO DRT-0267] cpu time = 00:00:00, elapsed time = 00:00:00, memory = 175.04 (MB), peak = 174.45 (MB)

[INFO DRT-0157] Number of guides:     240

[INFO DRT-0169] Post process guides.
[INFO DRT-0176] GCELLGRID X 0 DO 15 STEP 6900 ;
[INFO DRT-0177] GCELLGRID Y 0 DO 5 STEP 6900 ;
[INFO DRT-0028]   Complete FR_MASTERSLICE.
[INFO DRT-0028]   Complete Fr_VIA.
[INFO DRT-0028]   Complete li1.
[INFO DRT-0028]   Complete mcon.
[INFO DRT-0028]   Complete met1.
[INFO DRT-0028]   Complete via.
[INFO DRT-0028]   Complete met2.
[INFO DRT-0028]   Complete via2.
[INFO DRT-0028]   Complete met3.
[INFO DRT-0028]   Complete via3.
[INFO DRT-0028]   Complete met4.
[INFO DRT-0028]   Complete via4.
[INFO DRT-0028]   Complete met5.
[INFO DRT-0178] Init guide query.
[INFO DRT-0035]   Complete FR_MASTERSLICE (guide).
[INFO DRT-0035]   Complete Fr_VIA (guide).
[INFO DRT-0035]   Complete li1 (guide).
[INFO DRT-0035]   Complete mcon (guide).
[INFO DRT-0035]   Complete met1 (guide).
[INFO DRT-0035]   Complete via (guide).
[INFO DRT-0035]   Complete met2 (guide).
[INFO DRT-0035]   Complete via2 (guide).
[INFO DRT-0035]   Complete met3 (guide).
[INFO DRT-0035]   Complete via3 (guide).
[INFO DRT-0035]   Complete met4 (guide).
[INFO DRT-0035]   Complete via4 (guide).
[INFO DRT-0035]   Complete met5 (guide).
[INFO DRT-0036] FR_MASTERSLICE guide region query size = 0.
[INFO DRT-0036] FR_VIA guide region query size = 0.
[INFO DRT-0036] li1 guide region query size = 0.
[INFO DRT-0036] mcon guide region query size = 0.
[INFO DRT-0036] met1 guide region query size = 0.
[INFO DRT-0036] via guide region query size = 0.
[INFO DRT-0036] met2 guide region query size = 5.
[INFO DRT-0036] via2 guide region query size = 0.
[INFO DRT-0036] met3 guide region query size = 94.
[INFO DRT-0036] via3 guide region query size = 0.
[INFO DRT-0036] met4 guide region query size = 50.
[INFO DRT-0036] via4 guide region query size = 0.
[INFO DRT-0036] met5 guide region query size = 0.
[INFO DRT-0179] Init gr pin query.
[INFO DRT-0267] cpu time = 00:00:00, elapsed time = 00:00:00, memory = 175.17 (MB), peak = 174.57 (MB)
[INFO DRT-0245] skipped writing guide updates to database.
[INFO DRT-0185] Post process initialize RPin region query.
[INFO DRT-0181] Start track assignment.
[INFO DRT-0184] Done with 55 vertical wires in 1 frboxes and 94 horizontal wires in 1 frboxes.
[INFO DRT-0186] Done with 29 vertical wires in 1 frboxes and 59 horizontal wires in 1 frboxes.
[INFO DRT-0182] Complete track assignment.
[INFO DRT-0267] cpu time = 00:00:00, elapsed time = 00:00:00, memory = 175.57 (MB), peak = 174.82 (MB)
[INFO DRT-0187] Start routing data preparation.
[INFO DRT-0267] cpu time = 00:00:00, elapsed time = 00:00:00, memory = 175.57 (MB), peak = 174.82 (MB)
[INFO DRT-0194] Start detail routing.
[INFO DRT-0195] Start 0th optimization iteration.
    Completing 10% with 0 violations.
    elapsed time = 00:00:00, memory = 184.58 (MB).
    Completing 20% with 0 violations.
    elapsed time = 00:00:00, memory = 184.58 (MB).
    Completing 30% with 6 violations.
    elapsed time = 00:00:01, memory = 184.58 (MB).
    Completing 40% with 37 violations.
    elapsed time = 00:00:01, memory = 184.58 (MB).
[INFO DRT-0199]   Number of violations = 39.
Viol/Layer        met2   via2   met3   met4
Metal Spacing        1      0     20      1
Recheck              0      0      2      0
Short                5      1      9      0
[INFO DRT-0267] cpu time = 00:00:01, elapsed time = 00:00:01, memory = 525.84 (MB), peak = 525.13 (MB)
Total wire length = 3059 um.
Total wire length on LAYER li1 = 0 um.
Total wire length on LAYER met1 = 0 um.
Total wire length on LAYER met2 = 723 um.
Total wire length on LAYER met3 = 2144 um.
Total wire length on LAYER met4 = 190 um.
Total wire length on LAYER met5 = 0 um.
Total number of vias = 240.
Up-via summary (total 240):

----------------------
 FR_MASTERSLICE      0
            li1      0
           met1      0
           met2    198
           met3     42
           met4      0
----------------------
                   240


[INFO DRT-0195] Start 1st optimization iteration.
    Completing 10% with 39 violations.
    elapsed time = 00:00:00, memory = 525.84 (MB).
    Completing 20% with 39 violations.
    elapsed time = 00:00:00, memory = 525.84 (MB).
    Completing 30% with 22 violations.
    elapsed time = 00:00:01, memory = 534.04 (MB).
    Completing 40% with 24 violations.
    elapsed time = 00:00:01, memory = 534.04 (MB).
[INFO DRT-0199]   Number of violations = 24.
Viol/Layer        met3   met4
Metal Spacing       12      1
Short               11      0
[INFO DRT-0267] cpu time = 00:00:01, elapsed time = 00:00:01, memory = 534.04 (MB), peak = 533.26 (MB)
Total wire length = 3028 um.
Total wire length on LAYER li1 = 0 um.
Total wire length on LAYER met1 = 0 um.
Total wire length on LAYER met2 = 712 um.
Total wire length on LAYER met3 = 2127 um.
Total wire length on LAYER met4 = 187 um.
Total wire length on LAYER met5 = 0 um.
Total number of vias = 200.
Up-via summary (total 200):

----------------------
 FR_MASTERSLICE      0
            li1      0
           met1      0
           met2    164
           met3     36
           met4      0
----------------------
                   200


[INFO DRT-0195] Start 2nd optimization iteration.
    Completing 10% with 24 violations.
    elapsed time = 00:00:00, memory = 534.04 (MB).
    Completing 20% with 24 violations.
    elapsed time = 00:00:00, memory = 534.04 (MB).
    Completing 30% with 15 violations.
    elapsed time = 00:00:00, memory = 534.04 (MB).
    Completing 40% with 15 violations.
    elapsed time = 00:00:00, memory = 534.04 (MB).
    Completing 50% with 16 violations.
    elapsed time = 00:00:00, memory = 534.04 (MB).
    Completing 60% with 16 violations.
    elapsed time = 00:00:00, memory = 539.71 (MB).
    Completing 70% with 12 violations.
    elapsed time = 00:00:00, memory = 539.71 (MB).
[INFO DRT-0199]   Number of violations = 12.
Viol/Layer        met2   met3   met4
Metal Spacing        0      9      2
Short                1      0      0
[INFO DRT-0267] cpu time = 00:00:01, elapsed time = 00:00:01, memory = 539.82 (MB), peak = 539.01 (MB)
Total wire length = 3039 um.
Total wire length on LAYER li1 = 0 um.
Total wire length on LAYER met1 = 0 um.
Total wire length on LAYER met2 = 705 um.
Total wire length on LAYER met3 = 2121 um.
Total wire length on LAYER met4 = 212 um.
Total wire length on LAYER met5 = 0 um.
Total number of vias = 212.
Up-via summary (total 212):

----------------------
 FR_MASTERSLICE      0
            li1      0
           met1      0
           met2    172
           met3     40
           met4      0
----------------------
                   212


[INFO DRT-0195] Start 3rd optimization iteration.
    Completing 10% with 12 violations.
    elapsed time = 00:00:00, memory = 542.59 (MB).
    Completing 20% with 12 violations.
    elapsed time = 00:00:00, memory = 542.59 (MB).
    Completing 30% with 9 violations.
    elapsed time = 00:00:00, memory = 548.38 (MB).
    Completing 40% with 0 violations.
    elapsed time = 00:00:00, memory = 548.38 (MB).
[INFO DRT-0199]   Number of violations = 0.
[INFO DRT-0267] cpu time = 00:00:00, elapsed time = 00:00:00, memory = 548.38 (MB), peak = 547.63 (MB)
Total wire length = 3049 um.
Total wire length on LAYER li1 = 0 um.
Total wire length on LAYER met1 = 0 um.
Total wire length on LAYER met2 = 707 um.
Total wire length on LAYER met3 = 2117 um.
Total wire length on LAYER met4 = 224 um.
Total wire length on LAYER met5 = 0 um.
Total number of vias = 215.
Up-via summary (total 215):

----------------------
 FR_MASTERSLICE      0
            li1      0
           met1      0
           met2    177
           met3     38
           met4      0
----------------------
                   215


[INFO DRT-0198] Complete detail routing.
Total wire length = 3049 um.
Total wire length on LAYER li1 = 0 um.
Total wire length on LAYER met1 = 0 um.
Total wire length on LAYER met2 = 707 um.
Total wire length on LAYER met3 = 2117 um.
Total wire length on LAYER met4 = 224 um.
Total wire length on LAYER met5 = 0 um.
Total number of vias = 215.
Up-via summary (total 215):

----------------------
 FR_MASTERSLICE      0
            li1      0
           met1      0
           met2    177
           met3     38
           met4      0
----------------------
                   215


[INFO DRT-0267] cpu time = 00:00:04, elapsed time = 00:00:04, memory = 548.65 (MB), peak = 547.88 (MB)

[INFO DRT-0180] Post processing.
[INFO GRT-0237] Net N000 global route wire length: 41.40um
	Layer met3 : 41.40um
[INFO GRT-0240] Net N000 detailed route wire length: 43.54um
	Layer met2 :  5.98um
	Layer met3 : 34.81um
	Layer met4 :  2.75um
[INFO GRT-0237] Net N001 global route wire length: 41.40um
	Layer met3 : 41.40um
[INFO GRT-0240] Net N001 detailed route wire length: 50.54um
	Layer met2 :  5.98um
	Layer met3 : 33.89um
	Layer met4 : 10.67um
[INFO GRT-0237] Net N002 global route wire length: 41.40um
	Layer met3 : 41.40um
[INFO GRT-0240] Net N002 detailed route wire length: 50.34um
	Layer met2 :  9.84um
	Layer met3 : 39.59um
	Layer met4 :  0.91um
[INFO GRT-0237] Net N003 global route wire length: 55.20um
	Layer met3 : 41.40um
	Layer met4 : 13.80um
[INFO GRT-0240] Net N003 detailed route wire length: 54.82um
	Layer met2 :  5.98um
	Layer met3 : 32.97um
	Layer met4 : 15.87um
[INFO GRT-0237] Net N004 global route wire length: 124.20um
	Layer met3 : 96.60um
	Layer met4 : 27.60um
[INFO GRT-0240] Net N004 detailed route wire length: 101.67um
	Layer met2 : 14.14um
	Layer met3 : 87.53um
[INFO GRT-0237] Net N005 global route wire length: 124.20um
	Layer met3 : 89.70um
	Layer met4 : 34.50um
[INFO GRT-0240] Net N005 detailed route wire length: 112.21um
	Layer met2 : 17.94um
	Layer met3 : 78.59um
	Layer met4 : 15.68um
[INFO GRT-0237] Net N006 global route wire length: 131.10um
	Layer met3 : 96.60um
	Layer met4 : 34.50um
[INFO GRT-0240] Net N006 detailed route wire length: 113.45um
	Layer met2 : 27.76um
	Layer met3 : 76.17um
	Layer met4 :  9.52um
[INFO GRT-0237] Net N007 global route wire length: 131.10um
	Layer met2 : 34.50um
	Layer met3 : 96.60um
[INFO GRT-0240] Net N007 detailed route wire length: 113.33um
	Layer met2 : 34.80um
	Layer met3 : 78.53um
[INFO GRT-0237] Net N008 global route wire length: 165.60um
	Layer met3 : 103.50um
	Layer met4 : 62.10um
[INFO GRT-0240] Net N008 detailed route wire length: 116.19um
	Layer met2 : 22.15um
	Layer met3 : 78.36um
	Layer met4 : 15.68um
[INFO GRT-0237] Net N009 global route wire length: 124.20um
	Layer met3 : 89.70um
	Layer met4 : 34.50um
[INFO GRT-0240] Net N009 detailed route wire length: 120.39um
	Layer met2 : 29.11um
	Layer met3 : 79.04um
	Layer met4 : 12.24um
[INFO GRT-0237] Net N010 global route wire length: 138.00um
	Layer met3 : 89.70um
	Layer met4 : 48.30um
[INFO GRT-0240] Net N010 detailed route wire length: 112.97um
	Layer met2 : 22.28um
	Layer met3 : 81.54um
	Layer met4 :  9.15um
[INFO GRT-0237] Net N011 global route wire length: 110.40um
	Layer met3 : 89.70um
	Layer met4 : 20.70um
[INFO GRT-0240] Net N011 detailed route wire length: 112.85um
	Layer met2 : 34.29um
	Layer met3 : 78.56um
[INFO GRT-0237] Net N012 global route wire length: 103.50um
	Layer met3 : 62.10um
	Layer met4 : 41.40um
[INFO GRT-0240] Net N012 detailed route wire length: 95.73um
	Layer met2 : 23.09um
	Layer met3 : 59.72um
	Layer met4 : 12.92um
[INFO GRT-0237] Net N013 global route wire length: 103.50um
	Layer met3 : 75.90um
	Layer met4 : 27.60um
[INFO GRT-0240] Net N013 detailed route wire length: 79.29um
	Layer met2 : 28.30um
	Layer met3 : 50.99um
[INFO GRT-0237] Net N014 global route wire length: 103.50um
	Layer met3 : 75.90um
	Layer met4 : 27.60um
[INFO GRT-0240] Net N014 detailed route wire length: 80.53um
	Layer met2 : 24.14um
	Layer met3 : 56.39um
[INFO GRT-0237] Net N015 global route wire length: 103.50um
	Layer met2 : 41.40um
	Layer met3 : 62.10um
[INFO GRT-0240] Net N015 detailed route wire length: 104.91um
	Layer met2 : 43.39um
	Layer met3 : 58.12um
	Layer met4 :  3.40um
[INFO GRT-0237] Net N016 global route wire length: 103.50um
	Layer met3 : 75.90um
	Layer met4 : 27.60um
[INFO GRT-0240] Net N016 detailed route wire length: 83.27um
	Layer met2 : 21.88um
	Layer met3 : 55.95um
	Layer met4 :  5.44um
[INFO GRT-0237] Net N017 global route wire length: 96.60um
	Layer met3 : 69.00um
	Layer met4 : 27.60um
[INFO GRT-0240] Net N017 detailed route wire length: 80.67um
	Layer met2 : 12.24um
	Layer met3 : 68.43um
[INFO GRT-0237] Net N018 global route wire length: 62.10um
	Layer met3 : 62.10um
[INFO GRT-0240] Net N018 detailed route wire length: 88.21um
	Layer met2 : 28.86um
	Layer met3 : 59.35um
[INFO GRT-0237] Net N019 global route wire length: 82.80um
	Layer met3 : 69.00um
	Layer met4 : 13.80um
[INFO GRT-0240] Net N019 detailed route wire length: 92.17um
	Layer met2 : 28.07um
	Layer met3 : 64.10um
[INFO GRT-0237] Net N020 global route wire length: 89.70um
	Layer met3 : 55.20um
	Layer met4 : 34.50um
[INFO GRT-0240] Net N020 detailed route wire length: 67.55um
	Layer met2 :  3.40um
	Layer met3 : 46.47um
	Layer met4 : 17.68um
[INFO GRT-0237] Net N021 global route wire length: 96.60um
	Layer met3 : 48.30um
	Layer met4 : 48.30um
[INFO GRT-0240] Net N021 detailed route wire length: 74.93um
	Layer met2 : 16.40um
	Layer met3 : 40.17um
	Layer met4 : 18.36um
[INFO GRT-0237] Net N022 global route wire length: 62.10um
	Layer met3 : 48.30um
	Layer met4 : 13.80um
[INFO GRT-0240] Net N022 detailed route wire length: 61.21um
	Layer met2 : 18.73um
	Layer met3 : 42.48um
[INFO GRT-0237] Net N023 global route wire length: 62.10um
	Layer met3 : 48.30um
	Layer met4 : 13.80um
[INFO GRT-0240] Net N023 detailed route wire length: 63.81um
	Layer met2 : 19.03um
	Layer met3 : 44.78um
[INFO GRT-0237] Net N024 global route wire length: 62.10um
	Layer met3 : 48.30um
	Layer met4 : 13.80um
[INFO GRT-0240] Net N024 detailed route wire length: 62.59um
	Layer met2 : 17.68um
	Layer met3 : 44.91um
[INFO GRT-0237] Net N025 global route wire length: 62.10um
	Layer met3 : 48.30um
	Layer met4 : 13.80um
[INFO GRT-0240] Net N025 detailed route wire length: 54.05um
	Layer met2 :  1.36um
	Layer met3 : 46.82um
	Layer met4 :  5.87um
[INFO GRT-0237] Net N026 global route wire length: 69.00um
	Layer met3 : 55.20um
	Layer met4 : 13.80um
[INFO GRT-0240] Net N026 detailed route wire length: 56.03um
	Layer met2 :  3.40um
	Layer met3 : 46.51um
	Layer met4 :  6.12um
[INFO GRT-0237] Net N027 global route wire length: 69.00um
	Layer met2 : 13.80um
	Layer met3 : 55.20um
[INFO GRT-0240] Net N027 detailed route wire length: 60.61um
	Layer met2 : 14.28um
	Layer met3 : 46.33um
[INFO GRT-0237] Net N028 global route wire length: 48.30um
	Layer met3 : 27.60um
	Layer met4 : 20.70um
[INFO GRT-0240] Net N028 detailed route wire length: 40.77um
	Layer met2 : 15.31um
	Layer met3 : 25.46um
[INFO GRT-0237] Net N029 global route wire length: 55.20um
	Layer met3 : 34.50um
	Layer met4 : 20.70um
[INFO GRT-0240] Net N029 detailed route wire length: 39.29um
	Layer met2 : 13.60um
	Layer met3 : 25.69um
[INFO GRT-0237] Net N030 global route wire length: 55.20um
	Layer met3 : 34.50um
	Layer met4 : 20.70um
[INFO GRT-0240] Net N030 detailed route wire length: 37.81um
	Layer met2 : 12.24um
	Layer met3 : 25.57um
[INFO GRT-0237] Net N031 global route wire length: 48.30um
	Layer met3 : 27.60um
	Layer met4 : 20.70um
[INFO GRT-0240] Net N031 detailed route wire length: 36.35um
	Layer met2 : 10.88um
	Layer met3 : 25.47um
[INFO GRT-0237] Net N032 global route wire length: 48.30um
	Layer met3 : 27.60um
	Layer met4 : 20.70um
[INFO GRT-0240] Net N032 detailed route wire length: 35.77um
	Layer met2 :  9.85um
	Layer met3 : 25.92um
[INFO GRT-0237] Net N033 global route wire length: 41.40um
	Layer met3 : 27.60um
	Layer met4 : 13.80um
[INFO GRT-0240] Net N033 detailed route wire length: 33.37um
	Layer met3 : 24.30um
	Layer met4 :  9.07um
[INFO GRT-0237] Net N034 global route wire length: 41.40um
	Layer met3 : 27.60um
	Layer met4 : 13.80um
[INFO GRT-0240] Net N034 detailed route wire length: 31.89um
	Layer met2 :  6.12um
	Layer met3 : 25.77um
[INFO GRT-0237] Net N035 global route wire length: 27.60um
	Layer met3 : 27.60um
[INFO GRT-0240] Net N035 detailed route wire length: 30.41um
	Layer met2 :  4.76um
	Layer met3 : 25.65um
[INFO GRT-0237] Net N036 global route wire length: 131.10um
	Layer met3 : 82.80um
	Layer met4 : 48.30um
[INFO GRT-0240] Net N036 detailed route wire length: 121.45um
	Layer met3 : 83.18um
	Layer met4 : 38.27um
[INFO GRT-0237] Net N037 global route wire length: 96.60um
	Layer met3 : 69.00um
	Layer met4 : 27.60um
[INFO GRT-0240] Net N037 detailed route wire length: 100.19um
	Layer met2 : 40.44um
	Layer met3 : 59.75um
[INFO GRT-0237] Net N038 global route wire length: 75.90um
	Layer met3 : 48.30um
	Layer met4 : 27.60um
[INFO GRT-0240] Net N038 detailed route wire length: 65.23um
	Layer met2 : 29.14um
	Layer met3 : 36.09um
[INFO GRT-0237] Net N039 global route wire length: 48.30um
	Layer met3 : 27.60um
	Layer met4 : 20.70um
[INFO GRT-0240] Net N039 detailed route wire length: 41.15um
	Layer met2 :  2.72um
	Layer met3 : 24.59um
	Layer met4 : 13.84um
[INFO GRT-0237] Net N040 global route wire length: 131.10um
	Layer met3 : 103.50um
	Layer met4 : 27.60um
[INFO GRT-0240] Net N040 detailed route wire length: 114.87um
	Layer met2 : 27.72um
	Layer met3 : 87.15um
