"input" in: sky130A_mr.drc:178
    Polygons (raw): 1845 (flat)  154 (hierarchical)
    Elapsed: 0.010s  Memory: 365.00M
"polygons" in: sky130A_mr.drc:179
    Polygons (raw): 536 (flat)  50 (hierarchical)
    Elapsed: 0.000s  Memory: 365.00M
"polygons" in: sky130A_mr.drc:180
    Polygons (raw): 2182 (flat)  14 (hierarchical)
    Elapsed: 0.000s  Memory: 366.00M
"polygons" in: sky130A_mr.drc:181
    Polygons (raw): 0 (flat)  0 (hierarchical)
    Elapsed: 0.000s  Memory: 366.00M
"polygons" in: sky130A_mr.drc:182
    Polygons (raw): 0 (flat)  0 (hierarchical)
    Elapsed: 0.000s  Memory: 366.00M
"polygons" in: sky130A_mr.drc:183
    Polygons (raw): 0 (flat)  0 (hierarchical)
    Elapsed: 0.010s  Memory: 366.00M
"polygons" in: sky130A_mr.drc:184
    Polygons (raw): 0 (flat)  0 (hierarchical)
    Elapsed: 0.000s  Memory: 366.00M
"polygons" in: sky130A_mr.drc:185
    Polygons (raw): 0 (flat)  0 (hierarchical)
    Elapsed: 0.000s  Memory: 366.00M
"polygons" in: sky130A_mr.drc:186
    Polygons (raw): 2362 (flat)  59 (hierarchical)
    Elapsed: 0.000s  Memory: 366.00M
"polygons" in: sky130A_mr.drc:187
    Polygons (raw): 0 (flat)  0 (hierarchical)
    Elapsed: 0.000s  Memory: 366.00M
"polygons" in: sky130A_mr.drc:188
    Polygons (raw): 0 (flat)  0 (hierarchical)
    Elapsed: 0.000s  Memory: 366.00M
"polygons" in: sky130A_mr.drc:189
    Polygons (raw): 0 (flat)  0 (hierarchical)
    Elapsed: 0.000s  Memory: 366.00M
"polygons" in: sky130A_mr.drc:190
    Polygons (raw): 0 (flat)  0 (hierarchical)
    Elapsed: 0.000s  Memory: 366.00M
"polygons" in: sky130A_mr.drc:191
    Polygons (raw): 5216 (flat)  346 (hierarchical)
    Elapsed: 0.010s  Memory: 366.00M
"polygons" in: sky130A_mr.drc:192
    Polygons (raw): 0 (flat)  0 (hierarchical)
    Elapsed: 0.000s  Memory: 367.00M
"polygons" in: sky130A_mr.drc:193
    Polygons (raw): 2791 (flat)  110 (hierarchical)
    Elapsed: 0.000s  Memory: 367.00M
"polygons" in: sky130A_mr.drc:194
    Polygons (raw): 2499 (flat)  46 (hierarchical)
    Elapsed: 0.000s  Memory: 367.00M
"polygons" in: sky130A_mr.drc:195
    Polygons (raw): 3 (flat)  3 (hierarchical)
    Elapsed: 0.000s  Memory: 367.00M
"polygons" in: sky130A_mr.drc:196
    Polygons (raw): 14 (flat)  8 (hierarchical)
    Elapsed: 0.000s  Memory: 367.00M
"polygons" in: sky130A_mr.drc:197
    Polygons (raw): 1856 (flat)  275 (hierarchical)
    Elapsed: 0.000s  Memory: 367.00M
"polygons" in: sky130A_mr.drc:198
    Polygons (raw): 21608 (flat)  3870 (hierarchical)
    Elapsed: 0.000s  Memory: 367.00M
"polygons" in: sky130A_mr.drc:200
    Polygons (raw): 14587 (flat)  1776 (hierarchical)
    Elapsed: 0.010s  Memory: 367.00M
"polygons" in: sky130A_mr.drc:201
    Polygons (raw): 0 (flat)  0 (hierarchical)
    Elapsed: 0.000s  Memory: 367.00M
"polygons" in: sky130A_mr.drc:202
    Polygons (raw): 19325 (flat)  3150 (hierarchical)
    Elapsed: 0.000s  Memory: 368.00M
"polygons" in: sky130A_mr.drc:204
    Polygons (raw): 17083 (flat)  5679 (hierarchical)
    Elapsed: 0.010s  Memory: 368.00M
"polygons" in: sky130A_mr.drc:205
    Polygons (raw): 3045 (flat)  1614 (hierarchical)
    Elapsed: 0.000s  Memory: 368.00M
"polygons" in: sky130A_mr.drc:207
    Polygons (raw): 6247 (flat)  3589 (hierarchical)
    Elapsed: 0.010s  Memory: 368.00M
"polygons" in: sky130A_mr.drc:208
    Polygons (raw): 1400 (flat)  719 (hierarchical)
    Elapsed: 0.000s  Memory: 368.00M
"polygons" in: sky130A_mr.drc:210
    Polygons (raw): 2839 (flat)  1639 (hierarchical)
    Elapsed: 0.000s  Memory: 368.00M
"polygons" in: sky130A_mr.drc:211
    Polygons (raw): 15446 (flat)  15188 (hierarchical)
    Elapsed: 0.020s  Memory: 368.00M
"polygons" in: sky130A_mr.drc:213
    Polygons (raw): 940 (flat)  454 (hierarchical)
    Elapsed: 0.000s  Memory: 369.00M
"polygons" in: sky130A_mr.drc:214
    Polygons (raw): 0 (flat)  0 (hierarchical)
    Elapsed: 0.000s  Memory: 369.00M
"polygons" in: sky130A_mr.drc:216
    Polygons (raw): 0 (flat)  0 (hierarchical)
    Elapsed: 0.000s  Memory: 369.00M
"polygons" in: sky130A_mr.drc:218
    Polygons (raw): 0 (flat)  0 (hierarchical)
    Elapsed: 0.000s  Memory: 369.00M
"polygons" in: sky130A_mr.drc:219
    Polygons (raw): 0 (flat)  0 (hierarchical)
    Elapsed: 0.000s  Memory: 369.00M
"polygons" in: sky130A_mr.drc:220
    Polygons (raw): 6 (flat)  6 (hierarchical)
    Elapsed: 0.000s  Memory: 369.00M
"polygons" in: sky130A_mr.drc:221
    Polygons (raw): 0 (flat)  0 (hierarchical)
    Elapsed: 0.000s  Memory: 369.00M
"polygons" in: sky130A_mr.drc:222
    Polygons (raw): 0 (flat)  0 (hierarchical)
    Elapsed: 0.000s  Memory: 369.00M
"polygons" in: sky130A_mr.drc:223
    Polygons (raw): 0 (flat)  0 (hierarchical)
    Elapsed: 0.000s  Memory: 369.00M
"polygons" in: sky130A_mr.drc:224
    Polygons (raw): 0 (flat)  0 (hierarchical)
    Elapsed: 0.000s  Memory: 369.00M
"polygons" in: sky130A_mr.drc:225
    Polygons (raw): 0 (flat)  0 (hierarchical)
    Elapsed: 0.000s  Memory: 369.00M
"polygons" in: sky130A_mr.drc:226
    Polygons (raw): 0 (flat)  0 (hierarchical)
    Elapsed: 0.000s  Memory: 370.00M
"polygons" in: sky130A_mr.drc:227
    Polygons (raw): 0 (flat)  0 (hierarchical)
    Elapsed: 0.000s  Memory: 370.00M
"polygons" in: sky130A_mr.drc:228
    Polygons (raw): 0 (flat)  0 (hierarchical)
    Elapsed: 0.000s  Memory: 370.00M
"polygons" in: sky130A_mr.drc:229
    Polygons (raw): 0 (flat)  0 (hierarchical)
    Elapsed: 0.000s  Memory: 370.00M
"polygons" in: sky130A_mr.drc:230
    Polygons (raw): 0 (flat)  0 (hierarchical)
    Elapsed: 0.000s  Memory: 370.00M
"polygons" in: sky130A_mr.drc:231
    Polygons (raw): 0 (flat)  0 (hierarchical)
    Elapsed: 0.000s  Memory: 370.00M
"polygons" in: sky130A_mr.drc:232
    Polygons (raw): 0 (flat)  0 (hierarchical)
    Elapsed: 0.000s  Memory: 370.00M
"polygons" in: sky130A_mr.drc:233
    Polygons (raw): 0 (flat)  0 (hierarchical)
    Elapsed: 0.000s  Memory: 370.00M
"polygons" in: sky130A_mr.drc:234
    Polygons (raw): 0 (flat)  0 (hierarchical)
    Elapsed: 0.000s  Memory: 370.00M
"polygons" in: sky130A_mr.drc:235
    Polygons (raw): 0 (flat)  0 (hierarchical)
    Elapsed: 0.010s  Memory: 370.00M
"polygons" in: sky130A_mr.drc:236
    Polygons (raw): 2182 (flat)  14 (hierarchical)
    Elapsed: 0.000s  Memory: 371.00M
"polygons" in: sky130A_mr.drc:237
    Polygons (raw): 0 (flat)  0 (hierarchical)
    Elapsed: 0.000s  Memory: 371.00M
"polygons" in: sky130A_mr.drc:238
    Polygons (raw): 0 (flat)  0 (hierarchical)
    Elapsed: 0.000s  Memory: 371.00M
"polygons" in: sky130A_mr.drc:239
    Polygons (raw): 0 (flat)  0 (hierarchical)
    Elapsed: 0.000s  Memory: 371.00M
"polygons" in: sky130A_mr.drc:240
    Polygons (raw): 0 (flat)  0 (hierarchical)
    Elapsed: 0.000s  Memory: 371.00M
"polygons" in: sky130A_mr.drc:241
    Polygons (raw): 0 (flat)  0 (hierarchical)
    Elapsed: 0.000s  Memory: 371.00M
"polygons" in: sky130A_mr.drc:242
    Polygons (raw): 0 (flat)  0 (hierarchical)
    Elapsed: 0.000s  Memory: 371.00M
"polygons" in: sky130A_mr.drc:243
    Polygons (raw): 0 (flat)  0 (hierarchical)
    Elapsed: 0.000s  Memory: 371.00M
"polygons" in: sky130A_mr.drc:244
    Polygons (raw): 0 (flat)  0 (hierarchical)
    Elapsed: 0.000s  Memory: 371.00M
"polygons" in: sky130A_mr.drc:245
    Polygons (raw): 0 (flat)  0 (hierarchical)
    Elapsed: 0.000s  Memory: 371.00M
"polygons" in: sky130A_mr.drc:246
    Polygons (raw): 0 (flat)  0 (hierarchical)
    Elapsed: 0.000s  Memory: 371.00M
"polygons" in: sky130A_mr.drc:247
    Polygons (raw): 0 (flat)  0 (hierarchical)
    Elapsed: 0.000s  Memory: 372.00M
"polygons" in: sky130A_mr.drc:248
    Polygons (raw): 0 (flat)  0 (hierarchical)
    Elapsed: 0.000s  Memory: 372.00M
"polygons" in: sky130A_mr.drc:249
    Polygons (raw): 0 (flat)  0 (hierarchical)
    Elapsed: 0.000s  Memory: 372.00M
"polygons" in: sky130A_mr.drc:250
    Polygons (raw): 0 (flat)  0 (hierarchical)
    Elapsed: 0.000s  Memory: 372.00M
"polygons" in: sky130A_mr.drc:251
    Polygons (raw): 0 (flat)  0 (hierarchical)
    Elapsed: 0.000s  Memory: 372.00M
"polygons" in: sky130A_mr.drc:252
    Polygons (raw): 0 (flat)  0 (hierarchical)
    Elapsed: 0.010s  Memory: 372.00M
"polygons" in: sky130A_mr.drc:253
    Polygons (raw): 0 (flat)  0 (hierarchical)
    Elapsed: 0.000s  Memory: 372.00M
"polygons" in: sky130A_mr.drc:254
    Polygons (raw): 0 (flat)  0 (hierarchical)
    Elapsed: 0.000s  Memory: 372.00M
"polygons" in: sky130A_mr.drc:255
    Polygons (raw): 0 (flat)  0 (hierarchical)
    Elapsed: 0.000s  Memory: 372.00M
"polygons" in: sky130A_mr.drc:256
    Polygons (raw): 0 (flat)  0 (hierarchical)
    Elapsed: 0.000s  Memory: 372.00M
"polygons" in: sky130A_mr.drc:257
    Polygons (raw): 0 (flat)  0 (hierarchical)
    Elapsed: 0.000s  Memory: 372.00M
"polygons" in: sky130A_mr.drc:258
    Polygons (raw): 0 (flat)  0 (hierarchical)
    Elapsed: 0.000s  Memory: 373.00M
"polygons" in: sky130A_mr.drc:259
    Polygons (raw): 0 (flat)  0 (hierarchical)
    Elapsed: 0.000s  Memory: 373.00M
"polygons" in: sky130A_mr.drc:260
    Polygons (raw): 0 (flat)  0 (hierarchical)
    Elapsed: 0.000s  Memory: 373.00M
"polygons" in: sky130A_mr.drc:261
    Polygons (raw): 0 (flat)  0 (hierarchical)
    Elapsed: 0.000s  Memory: 373.00M
"polygons" in: sky130A_mr.drc:262
    Polygons (raw): 0 (flat)  0 (hierarchical)
    Elapsed: 0.000s  Memory: 373.00M
"polygons" in: sky130A_mr.drc:263
    Polygons (raw): 0 (flat)  0 (hierarchical)
    Elapsed: 0.000s  Memory: 373.00M
"polygons" in: sky130A_mr.drc:264
    Polygons (raw): 0 (flat)  0 (hierarchical)
    Elapsed: 0.000s  Memory: 373.00M
"polygons" in: sky130A_mr.drc:265
    Polygons (raw): 0 (flat)  0 (hierarchical)
    Elapsed: 0.000s  Memory: 373.00M
"polygons" in: sky130A_mr.drc:266
    Polygons (raw): 0 (flat)  0 (hierarchical)
    Elapsed: 0.000s  Memory: 373.00M
"polygons" in: sky130A_mr.drc:267
    Polygons (raw): 13 (flat)  10 (hierarchical)
    Elapsed: 0.000s  Memory: 373.00M
"polygons" in: sky130A_mr.drc:268
    Polygons (raw): 0 (flat)  0 (hierarchical)
    Elapsed: 0.000s  Memory: 373.00M
"polygons" in: sky130A_mr.drc:269
    Polygons (raw): 0 (flat)  0 (hierarchical)
    Elapsed: 0.010s  Memory: 373.00M
"polygons" in: sky130A_mr.drc:270
    Polygons (raw): 0 (flat)  0 (hierarchical)
    Elapsed: 0.000s  Memory: 374.00M
"polygons" in: sky130A_mr.drc:271
    Polygons (raw): 0 (flat)  0 (hierarchical)
    Elapsed: 0.000s  Memory: 374.00M
"polygons" in: sky130A_mr.drc:272
    Polygons (raw): 0 (flat)  0 (hierarchical)
    Elapsed: 0.000s  Memory: 374.00M
"polygons" in: sky130A_mr.drc:273
    Polygons (raw): 0 (flat)  0 (hierarchical)
    Elapsed: 0.000s  Memory: 374.00M
"merged" in: sky130A_mr.drc:275
    Polygons (raw): 0 (flat)  0 (hierarchical)
    Elapsed: 0.000s  Memory: 374.00M
DRC section
FEOL section
START: 64/18 (dnwell)
"width" in: sky130A_mr.drc:299
    Edge pairs: 0 (flat)  0 (hierarchical)
    Elapsed: 0.010s  Memory: 374.00M
"output" in: sky130A_mr.drc:300
    Edge pairs: 0 (flat)  0 (hierarchical)
    Elapsed: 0.000s  Memory: 374.00M
"or" in: sky130A_mr.drc:305
    Polygons (raw): 0 (flat)  0 (hierarchical)
    Elapsed: 0.000s  Memory: 374.00M
"-" in: sky130A_mr.drc:305
    Polygons (raw): 0 (flat)  0 (hierarchical)
    Elapsed: 0.000s  Memory: 374.00M
"space" in: sky130A_mr.drc:306
    Edge pairs: 0 (flat)  0 (hierarchical)
    Elapsed: 0.000s  Memory: 375.00M
"output" in: sky130A_mr.drc:307
    Edge pairs: 0 (flat)  0 (hierarchical)
    Elapsed: 0.000s  Memory: 375.00M
END: 64/18 (dnwell)
"input" in: sky130A_mr.drc:314
    Polygons (raw): 2791 (flat)  110 (hierarchical)
    Elapsed: 0.000s  Memory: 375.00M
"input" in: sky130A_mr.drc:315
    Polygons (raw): 2499 (flat)  46 (hierarchical)
    Elapsed: 0.000s  Memory: 375.00M
"input" in: sky130A_mr.drc:316
    Polygons (raw): 2182 (flat)  14 (hierarchical)
    Elapsed: 0.000s  Memory: 375.00M
"input" in: sky130A_mr.drc:325
    Polygons (raw): 2182 (flat)  14 (hierarchical)
    Elapsed: 0.000s  Memory: 375.00M
START: 64/20 (nwell)
"width" in: sky130A_mr.drc:329
    Edge pairs: 0 (flat)  0 (hierarchical)
    Elapsed: 0.010s  Memory: 376.00M
"output" in: sky130A_mr.drc:329
    Edge pairs: 0 (flat)  0 (hierarchical)
    Elapsed: 0.000s  Memory: 376.00M
"space" in: sky130A_mr.drc:333
    Edge pairs: 0 (flat)  0 (hierarchical)
    Elapsed: 0.090s  Memory: 376.00M
"output" in: sky130A_mr.drc:333
    Edge pairs: 0 (flat)  0 (hierarchical)
    Elapsed: 0.000s  Memory: 376.00M
"&" in: sky130A_mr.drc:337
    Polygons (raw): 2182 (flat)  14 (hierarchical)
    Elapsed: 0.030s  Memory: 376.00M
"merge" in: sky130A_mr.drc:337
    Polygons (raw): 29 (flat)  14 (hierarchical)
    Elapsed: 0.040s  Memory: 376.00M
"holes" in: sky130A_mr.drc:338
    Polygons (raw): 0 (flat)  0 (hierarchical)
    Elapsed: 0.000s  Memory: 376.00M
"enclosing" in: sky130A_mr.drc:338
    Edge pairs: 0 (flat)  0 (hierarchical)
    Elapsed: 0.000s  Memory: 376.00M
"output" in: sky130A_mr.drc:338
    Edge pairs: 0 (flat)  0 (hierarchical)
    Elapsed: 0.000s  Memory: 376.00M
"or" in: sky130A_mr.drc:342
    Polygons (raw): 0 (flat)  0 (hierarchical)
    Elapsed: 0.000s  Memory: 376.00M
"or" in: sky130A_mr.drc:342
    Polygons (raw): 0 (flat)  0 (hierarchical)
    Elapsed: 0.000s  Memory: 376.00M
"or" in: sky130A_mr.drc:342
    Polygons (raw): 0 (flat)  0 (hierarchical)
    Elapsed: 0.000s  Memory: 376.00M
"&" in: sky130A_mr.drc:344
    Polygons (raw): 0 (flat)  0 (hierarchical)
    Elapsed: 0.000s  Memory: 376.00M
"interacting" in: sky130A_mr.drc:344
    Polygons (raw): 0 (flat)  0 (hierarchical)
    Elapsed: 0.000s  Memory: 376.00M
"-" in: sky130A_mr.drc:345
    Polygons (raw): 0 (flat)  0 (hierarchical)
    Elapsed: 0.000s  Memory: 376.00M
"output" in: sky130A_mr.drc:346
    Polygons (raw): 0 (flat)  0 (hierarchical)
    Elapsed: 0.000s  Memory: 376.00M
END: 64/20 (nwell)
START: 78/44 (hvtp)
"width" in: sky130A_mr.drc:351
    Edge pairs: 0 (flat)  0 (hierarchical)
    Elapsed: 0.010s  Memory: 376.00M
"output" in: sky130A_mr.drc:351
    Edge pairs: 0 (flat)  0 (hierarchical)
    Elapsed: 0.000s  Memory: 376.00M
"space" in: sky130A_mr.drc:355
    Edge pairs: 0 (flat)  0 (hierarchical)
    Elapsed: 0.040s  Memory: 376.00M
"output" in: sky130A_mr.drc:355
    Edge pairs: 0 (flat)  0 (hierarchical)
    Elapsed: 0.000s  Memory: 377.00M
END: 78/44 (hvtp)
START: 124/20 (pwde)
"width" in: sky130A_mr.drc:363
    Edge pairs: 0 (flat)  0 (hierarchical)
    Elapsed: 0.000s  Memory: 377.00M
"output" in: sky130A_mr.drc:363
    Edge pairs: 0 (flat)  0 (hierarchical)
    Elapsed: 0.000s  Memory: 377.00M
"or" in: sky130A_mr.drc:368
    Polygons (raw): 0 (flat)  0 (hierarchical)
    Elapsed: 0.000s  Memory: 377.00M
"&" in: sky130A_mr.drc:368
    Polygons (raw): 0 (flat)  0 (hierarchical)
    Elapsed: 0.000s  Memory: 377.00M
"space" in: sky130A_mr.drc:369
    Edge pairs: 0 (flat)  0 (hierarchical)
    Elapsed: 0.000s  Memory: 377.00M
"output" in: sky130A_mr.drc:370
    Edge pairs: 0 (flat)  0 (hierarchical)
    Elapsed: 0.000s  Memory: 377.00M
END: 124/20 (pwde)
START: 18/20 (htvr)
"width" in: sky130A_mr.drc:375
    Edge pairs: 0 (flat)  0 (hierarchical)
    Elapsed: 0.000s  Memory: 377.00M
"output" in: sky130A_mr.drc:375
    Edge pairs: 0 (flat)  0 (hierarchical)
    Elapsed: 0.000s  Memory: 377.00M
"separation" in: sky130A_mr.drc:379
    Edge pairs: 0 (flat)  0 (hierarchical)
    Elapsed: 0.000s  Memory: 378.00M
"output" in: sky130A_mr.drc:379
    Edge pairs: 0 (flat)  0 (hierarchical)
    Elapsed: 0.000s  Memory: 378.00M
"&" in: sky130A_mr.drc:383
    Polygons (raw): 0 (flat)  0 (hierarchical)
    Elapsed: 0.000s  Memory: 378.00M
"output" in: sky130A_mr.drc:383
    Polygons (raw): 0 (flat)  0 (hierarchical)
    Elapsed: 0.000s  Memory: 378.00M
END: 18/20 (htvr)
START: 25/44 (lvtn)
"width" in: sky130A_mr.drc:388
    Edge pairs: 0 (flat)  0 (hierarchical)
    Elapsed: 0.000s  Memory: 378.00M
"output" in: sky130A_mr.drc:388
    Edge pairs: 0 (flat)  0 (hierarchical)
    Elapsed: 0.000s  Memory: 378.00M
"space" in: sky130A_mr.drc:392
    Edge pairs: 0 (flat)  0 (hierarchical)
    Elapsed: 0.000s  Memory: 378.00M
"output" in: sky130A_mr.drc:392
    Edge pairs: 0 (flat)  0 (hierarchical)
    Elapsed: 0.000s  Memory: 378.00M
"interacting" in: sky130A_mr.drc:397
    Polygons (raw): 0 (flat)  0 (hierarchical)
    Elapsed: 0.000s  Memory: 378.00M
"not_inside" in: sky130A_mr.drc:398
    Polygons (raw): 0 (flat)  0 (hierarchical)
    Elapsed: 0.000s  Memory: 378.00M
"edges" in: sky130A_mr.drc:399
    Edges: 0 (flat)  0 (hierarchical)
    Elapsed: 0.000s  Memory: 378.00M
"&" in: sky130A_mr.drc:400
    Edges: 0 (flat)  0 (hierarchical)
    Elapsed: 0.000s  Memory: 378.00M
"output" in: sky130A_mr.drc:401
    Edges: 0 (flat)  0 (hierarchical)
    Elapsed: 0.000s  Memory: 378.00M
END: 25/44 (lvtn)
START: 92/44 (ncm)
"width" in: sky130A_mr.drc:406
    Edge pairs: 0 (flat)  0 (hierarchical)
    Elapsed: 0.000s  Memory: 378.00M
"output" in: sky130A_mr.drc:406
    Edge pairs: 0 (flat)  0 (hierarchical)
    Elapsed: 0.000s  Memory: 378.00M
"space" in: sky130A_mr.drc:407
    Edge pairs: 0 (flat)  0 (hierarchical)
    Elapsed: 0.000s  Memory: 378.00M
"output" in: sky130A_mr.drc:407
    Edge pairs: 0 (flat)  0 (hierarchical)
    Elapsed: 0.000s  Memory: 378.00M
END: 92/44 (ncm)
START: 65/20 (diff)
"or" in: sky130A_mr.drc:415
    Polygons (raw): 2238 (flat)  167 (hierarchical)
    Elapsed: 0.010s  Memory: 378.00M
"rectangles" in: sky130A_mr.drc:416
    Polygons (raw): 882 (flat)  133 (hierarchical)
    Elapsed: 0.000s  Memory: 378.00M
"width" in: sky130A_mr.drc:416
    Edge pairs: 0 (flat)  0 (hierarchical)
    Elapsed: 0.000s  Memory: 378.00M
"polygons" in: sky130A_mr.drc:416
    Polygons (raw): 0 (flat)  0 (hierarchical)
    Elapsed: 0.000s  Memory: 379.00M
"edges" in: sky130A_mr.drc:419
    Edges: 0 (flat)  0 (hierarchical)
    Elapsed: 0.000s  Memory: 379.00M
"outside_part" in: sky130A_mr.drc:420
    Edges: 0 (flat)  0 (hierarchical)
    Elapsed: 0.000s  Memory: 379.00M
"outside" in: sky130A_mr.drc:421
    Polygons (raw): 0 (flat)  0 (hierarchical)
    Elapsed: 0.000s  Memory: 379.00M
"edges" in: sky130A_mr.drc:421
    Edges: 0 (flat)  0 (hierarchical)
    Elapsed: 0.000s  Memory: 379.00M
"-" in: sky130A_mr.drc:421
    Edges: 0 (flat)  0 (hierarchical)
    Elapsed: 0.000s  Memory: 379.00M
"output" in: sky130A_mr.drc:422
    Edges: 0 (flat)  0 (hierarchical)
    Elapsed: 0.000s  Memory: 379.00M
"outside" in: sky130A_mr.drc:427
    Polygons (raw): 1845 (flat)  154 (hierarchical)
    Elapsed: 0.000s  Memory: 379.00M
"width" in: sky130A_mr.drc:428
    Edge pairs: 0 (flat)  0 (hierarchical)
    Elapsed: 0.000s  Memory: 379.00M
"output" in: sky130A_mr.drc:429
    Edge pairs: 0 (flat)  0 (hierarchical)
    Elapsed: 0.000s  Memory: 379.00M
"inside" in: sky130A_mr.drc:434
    Polygons (raw): 0 (flat)  0 (hierarchical)
    Elapsed: 0.010s  Memory: 379.00M
"width" in: sky130A_mr.drc:435
    Edge pairs: 0 (flat)  0 (hierarchical)
    Elapsed: 0.000s  Memory: 379.00M
"output" in: sky130A_mr.drc:436
    Edge pairs: 0 (flat)  0 (hierarchical)
    Elapsed: 0.000s  Memory: 379.00M
END: 65/20 (diff)
START: 65/44 (tap)
"rectangles" in: sky130A_mr.drc:443
    Polygons (raw): 464 (flat)  2 (hierarchical)
    Elapsed: 0.000s  Memory: 379.00M
"width" in: sky130A_mr.drc:443
    Edge pairs: 0 (flat)  0 (hierarchical)
    Elapsed: 0.000s  Memory: 379.00M
"polygons" in: sky130A_mr.drc:443
    Polygons (raw): 0 (flat)  0 (hierarchical)
    Elapsed: 0.000s  Memory: 379.00M
"edges" in: sky130A_mr.drc:446
    Edges: 0 (flat)  0 (hierarchical)
    Elapsed: 0.000s  Memory: 379.00M
"outside_part" in: sky130A_mr.drc:447
    Edges: 0 (flat)  0 (hierarchical)
    Elapsed: 0.000s  Memory: 379.00M
"outside" in: sky130A_mr.drc:448
    Polygons (raw): 0 (flat)  0 (hierarchical)
    Elapsed: 0.000s  Memory: 379.00M
"edges" in: sky130A_mr.drc:448
    Edges: 0 (flat)  0 (hierarchical)
    Elapsed: 0.000s  Memory: 379.00M
"-" in: sky130A_mr.drc:448
    Edges: 0 (flat)  0 (hierarchical)
    Elapsed: 0.000s  Memory: 379.00M
"output" in: sky130A_mr.drc:449
    Edges: 0 (flat)  0 (hierarchical)
    Elapsed: 0.000s  Memory: 379.00M
"-" in: sky130A_mr.drc:454
    Polygons (raw): 536 (flat)  50 (hierarchical)
    Elapsed: 0.000s  Memory: 379.00M
"width" in: sky130A_mr.drc:455
    Edge pairs: 0 (flat)  0 (hierarchical)
    Elapsed: 0.000s  Memory: 379.00M
"output" in: sky130A_mr.drc:456
    Edge pairs: 0 (flat)  0 (hierarchical)
    Elapsed: 0.000s  Memory: 379.00M
END: 65/44 (tap)
"space" in: sky130A_mr.drc:459
    Edge pairs: 0 (flat)  0 (hierarchical)
    Elapsed: 0.000s  Memory: 379.00M
"output" in: sky130A_mr.drc:459
    Edge pairs: 0 (flat)  0 (hierarchical)
    Elapsed: 0.000s  Memory: 379.00M
START: 80/20 (tunm)
"width" in: sky130A_mr.drc:466
    Edge pairs: 0 (flat)  0 (hierarchical)
    Elapsed: 0.000s  Memory: 379.00M
"output" in: sky130A_mr.drc:466
    Edge pairs: 0 (flat)  0 (hierarchical)
    Elapsed: 0.000s  Memory: 379.00M
"space" in: sky130A_mr.drc:470
    Edge pairs: 0 (flat)  0 (hierarchical)
    Elapsed: 0.000s  Memory: 379.00M
"output" in: sky130A_mr.drc:470
    Edge pairs: 0 (flat)  0 (hierarchical)
    Elapsed: 0.000s  Memory: 379.00M
"output" in: sky130A_mr.drc:474
    Polygons (raw): 0 (flat)  0 (hierarchical)
    Elapsed: 0.000s  Memory: 379.00M
END: 80/20 (tunm)
START: 80/20 (thkox)
"-" in: sky130A_mr.drc:482
    Polygons (raw): 0 (flat)  0 (hierarchical)
    Elapsed: 0.000s  Memory: 379.00M
"width" in: sky130A_mr.drc:483
    Edge pairs: 0 (flat)  0 (hierarchical)
    Elapsed: 0.000s  Memory: 379.00M
"output" in: sky130A_mr.drc:483
    Edge pairs: 0 (flat)  0 (hierarchical)
    Elapsed: 0.000s  Memory: 379.00M
"space" in: sky130A_mr.drc:487
    Edge pairs: 0 (flat)  0 (hierarchical)
    Elapsed: 0.000s  Memory: 379.00M
"output" in: sky130A_mr.drc:487
    Edge pairs: 0 (flat)  0 (hierarchical)
    Elapsed: 0.000s  Memory: 379.00M
"interacting" in: sky130A_mr.drc:493
    Polygons (raw): 0 (flat)  0 (hierarchical)
    Elapsed: 0.000s  Memory: 379.00M
"not_inside" in: sky130A_mr.drc:494
    Polygons (raw): 0 (flat)  0 (hierarchical)
    Elapsed: 0.000s  Memory: 379.00M
"edges" in: sky130A_mr.drc:495
    Edges: 0 (flat)  0 (hierarchical)
    Elapsed: 0.000s  Memory: 379.00M
"&" in: sky130A_mr.drc:496
    Edges: 0 (flat)  0 (hierarchical)
    Elapsed: 0.000s  Memory: 379.00M
"output" in: sky130A_mr.drc:497
    Edges: 0 (flat)  0 (hierarchical)
    Elapsed: 0.000s  Memory: 379.00M
"&" in: sky130A_mr.drc:502
    Polygons (raw): 304 (flat)  49 (hierarchical)
    Elapsed: 0.000s  Memory: 379.00M
"&" in: sky130A_mr.drc:502
    Polygons (raw): 0 (flat)  0 (hierarchical)
    Elapsed: 0.010s  Memory: 379.00M
"&" in: sky130A_mr.drc:503
    Polygons (raw): 1071 (flat)  133 (hierarchical)
    Elapsed: 0.010s  Memory: 380.00M
"&" in: sky130A_mr.drc:503
    Polygons (raw): 0 (flat)  0 (hierarchical)
    Elapsed: 0.000s  Memory: 380.00M
"not_interacting" in: sky130A_mr.drc:503
    Polygons (raw): 0 (flat)  0 (hierarchical)
    Elapsed: 0.000s  Memory: 380.00M
"separation" in: sky130A_mr.drc:506
    Edge pairs: 0 (flat)  0 (hierarchical)
    Elapsed: 0.000s  Memory: 380.00M
"polygons" in: sky130A_mr.drc:506
    Polygons (raw): 0 (flat)  0 (hierarchical)
    Elapsed: 0.000s  Memory: 380.00M
"interacting" in: sky130A_mr.drc:507
    Polygons (raw): 0 (flat)  0 (hierarchical)
    Elapsed: 0.000s  Memory: 380.00M
"output" in: sky130A_mr.drc:507
    Polygons (raw): 0 (flat)  0 (hierarchical)
    Elapsed: 0.000s  Memory: 380.00M
END: 80/20 (thkox)
START: 66/20 (poly)
"width" in: sky130A_mr.drc:515
    Edge pairs: 0 (flat)  0 (hierarchical)
    Elapsed: 0.010s  Memory: 380.00M
"output" in: sky130A_mr.drc:515
    Edge pairs: 0 (flat)  0 (hierarchical)
    Elapsed: 0.000s  Memory: 380.00M
"-" in: sky130A_mr.drc:520
    Polygons (raw): 5216 (flat)  346 (hierarchical)
    Elapsed: 0.000s  Memory: 380.00M
"space" in: sky130A_mr.drc:521
    Edge pairs: 0 (flat)  0 (hierarchical)
    Elapsed: 0.010s  Memory: 380.00M
"output" in: sky130A_mr.drc:522
    Edge pairs: 0 (flat)  0 (hierarchical)
    Elapsed: 0.000s  Memory: 381.00M
"inside" in: sky130A_mr.drc:523
    Polygons (raw): 0 (flat)  0 (hierarchical)
    Elapsed: 0.000s  Memory: 381.00M
"drc" in: sky130A_mr.drc:523
    Edge pairs: 0 (flat)  0 (hierarchical)
    Elapsed: 0.000s  Memory: 381.00M
"polygons" in: sky130A_mr.drc:523
    Polygons (raw): 0 (flat)  0 (hierarchical)
    Elapsed: 0.010s  Memory: 381.00M
"interacting" in: sky130A_mr.drc:525
    Polygons (raw): 0 (flat)  0 (hierarchical)
    Elapsed: 0.000s  Memory: 381.00M
"isolated" in: sky130A_mr.drc:526
    Edge pairs: 0 (flat)  0 (hierarchical)
    Elapsed: 0.000s  Memory: 381.00M
"output" in: sky130A_mr.drc:527
    Edge pairs: 0 (flat)  0 (hierarchical)
    Elapsed: 0.000s  Memory: 381.00M
"drc" in: sky130A_mr.drc:531
    Polygons (raw): 0 (flat)  0 (hierarchical)
    Elapsed: 0.000s  Memory: 382.00M
"output" in: sky130A_mr.drc:531
    Polygons (raw): 0 (flat)  0 (hierarchical)
    Elapsed: 0.000s  Memory: 382.00M
"width" in: sky130A_mr.drc:537
    Edge pairs: 0 (flat)  0 (hierarchical)
    Elapsed: 0.000s  Memory: 382.00M
"output" in: sky130A_mr.drc:537
    Edge pairs: 0 (flat)  0 (hierarchical)
    Elapsed: 0.000s  Memory: 382.00M
END: 66/20 (poly)
START: 80/20 (ldntm)
"&" in: sky130A_mr.drc:546
    Polygons (raw): 0 (flat)  0 (hierarchical)
    Elapsed: 0.000s  Memory: 382.00M
"width" in: sky130A_mr.drc:547
    Edge pairs: 0 (flat)  0 (hierarchical)
    Elapsed: 0.000s  Memory: 382.00M
"output" in: sky130A_mr.drc:547
    Edge pairs: 0 (flat)  0 (hierarchical)
    Elapsed: 0.000s  Memory: 382.00M
"space" in: sky130A_mr.drc:551
    Edge pairs: 0 (flat)  0 (hierarchical)
    Elapsed: 0.000s  Memory: 382.00M
"output" in: sky130A_mr.drc:551
    Edge pairs: 0 (flat)  0 (hierarchical)
    Elapsed: 0.000s  Memory: 382.00M
END: 80/20 (ldntm)
START: 86/20 (rpm)
"width" in: sky130A_mr.drc:559
    Edge pairs: 0 (flat)  0 (hierarchical)
    Elapsed: 0.000s  Memory: 382.00M
"output" in: sky130A_mr.drc:559
    Edge pairs: 0 (flat)  0 (hierarchical)
    Elapsed: 0.000s  Memory: 382.00M
"space" in: sky130A_mr.drc:563
    Edge pairs: 0 (flat)  0 (hierarchical)
    Elapsed: 0.000s  Memory: 383.00M
"output" in: sky130A_mr.drc:563
    Edge pairs: 0 (flat)  0 (hierarchical)
    Elapsed: 0.000s  Memory: 383.00M
END: 86/20 (rpm)
START: 74/20 (rdl)
"width" in: sky130A_mr.drc:571
    Edge pairs: 0 (flat)  0 (hierarchical)
    Elapsed: 0.000s  Memory: 383.00M
"output" in: sky130A_mr.drc:571
    Edge pairs: 0 (flat)  0 (hierarchical)
    Elapsed: 0.000s  Memory: 383.00M
"space" in: sky130A_mr.drc:572
    Edge pairs: 0 (flat)  0 (hierarchical)
    Elapsed: 0.000s  Memory: 383.00M
"output" in: sky130A_mr.drc:572
    Edge pairs: 0 (flat)  0 (hierarchical)
    Elapsed: 0.000s  Memory: 383.00M
"output" in: sky130A_mr.drc:573
    Polygons (raw): 0 (flat)  0 (hierarchical)
    Elapsed: 0.000s  Memory: 383.00M
END: 74/20 (rdl)
START: 79/20 (urpm)
"width" in: sky130A_mr.drc:578
    Edge pairs: 0 (flat)  0 (hierarchical)
    Elapsed: 0.000s  Memory: 383.00M
"output" in: sky130A_mr.drc:578
    Edge pairs: 0 (flat)  0 (hierarchical)
    Elapsed: 0.000s  Memory: 383.00M
"space" in: sky130A_mr.drc:582
    Edge pairs: 0 (flat)  0 (hierarchical)
    Elapsed: 0.000s  Memory: 383.00M
"output" in: sky130A_mr.drc:582
    Edge pairs: 0 (flat)  0 (hierarchical)
    Elapsed: 0.000s  Memory: 383.00M
END: 79/20 (urpm)
START: 95/20 (npc)
"width" in: sky130A_mr.drc:590
    Edge pairs: 0 (flat)  0 (hierarchical)
    Elapsed: 0.010s  Memory: 384.00M
"output" in: sky130A_mr.drc:590
    Edge pairs: 0 (flat)  0 (hierarchical)
    Elapsed: 0.000s  Memory: 384.00M
"space" in: sky130A_mr.drc:591
    Edge pairs: 0 (flat)  0 (hierarchical)
    Elapsed: 0.000s  Memory: 384.00M
"output" in: sky130A_mr.drc:591
    Edge pairs: 0 (flat)  0 (hierarchical)
    Elapsed: 0.000s  Memory: 384.00M
END: 95/20 (npc)
START: 93/44 (nsdm)
"-" in: sky130A_mr.drc:642
    Polygons (raw): 2791 (flat)  110 (hierarchical)
    Elapsed: 0.000s  Memory: 384.00M
"space" in: sky130A_mr.drc:643
    Edge pairs: 0 (flat)  0 (hierarchical)
    Elapsed: 0.040s  Memory: 384.00M
"output" in: sky130A_mr.drc:644
    Edge pairs: 0 (flat)  0 (hierarchical)
    Elapsed: 0.000s  Memory: 384.00M
"outside" in: sky130A_mr.drc:646
    Polygons (raw): 2791 (flat)  110 (hierarchical)
    Elapsed: 0.000s  Memory: 384.00M
"width" in: sky130A_mr.drc:647
    Edge pairs: 0 (flat)  0 (hierarchical)
    Elapsed: 0.010s  Memory: 384.00M
"output" in: sky130A_mr.drc:648
    Edge pairs: 0 (flat)  0 (hierarchical)
    Elapsed: 0.000s  Memory: 384.00M
"width" in: sky130A_mr.drc:650
    Edge pairs: 0 (flat)  0 (hierarchical)
    Elapsed: 0.010s  Memory: 385.00M
"polygons" in: sky130A_mr.drc:650
    Polygons (raw): 0 (flat)  0 (hierarchical)
    Elapsed: 0.000s  Memory: 385.00M
"interacting" in: sky130A_mr.drc:650
    Polygons (raw): 0 (flat)  0 (hierarchical)
    Elapsed: 0.010s  Memory: 385.00M
"edges" in: sky130A_mr.drc:652
    Edges: 0 (flat)  0 (hierarchical)
    Elapsed: 0.000s  Memory: 385.00M
"outside_part" in: sky130A_mr.drc:652
    Edges: 0 (flat)  0 (hierarchical)
    Elapsed: 0.000s  Memory: 385.00M
"interacting" in: sky130A_mr.drc:651
    Polygons (raw): 0 (flat)  0 (hierarchical)
    Elapsed: 0.000s  Memory: 385.00M
"output" in: sky130A_mr.drc:653
    Polygons (raw): 0 (flat)  0 (hierarchical)
    Elapsed: 0.000s  Memory: 385.00M
"space" in: sky130A_mr.drc:655
    Edge pairs: 0 (flat)  0 (hierarchical)
    Elapsed: 0.050s  Memory: 385.00M
"polygons" in: sky130A_mr.drc:655
    Polygons (raw): 0 (flat)  0 (hierarchical)
    Elapsed: 0.000s  Memory: 385.00M
"interacting" in: sky130A_mr.drc:655
    Polygons (raw): 0 (flat)  0 (hierarchical)
    Elapsed: 0.000s  Memory: 386.00M
"edges" in: sky130A_mr.drc:657
    Edges: 0 (flat)  0 (hierarchical)
    Elapsed: 0.000s  Memory: 386.00M
"outside_part" in: sky130A_mr.drc:657
    Edges: 0 (flat)  0 (hierarchical)
    Elapsed: 0.000s  Memory: 386.00M
"interacting" in: sky130A_mr.drc:656
    Polygons (raw): 0 (flat)  0 (hierarchical)
    Elapsed: 0.000s  Memory: 386.00M
"output" in: sky130A_mr.drc:658
    Polygons (raw): 0 (flat)  0 (hierarchical)
    Elapsed: 0.000s  Memory: 386.00M
"inside" in: sky130A_mr.drc:660
    Polygons (raw): 0 (flat)  0 (hierarchical)
    Elapsed: 0.000s  Memory: 386.00M
"width" in: sky130A_mr.drc:661
    Edge pairs: 0 (flat)  0 (hierarchical)
    Elapsed: 0.010s  Memory: 386.00M
"output" in: sky130A_mr.drc:662
    Edge pairs: 0 (flat)  0 (hierarchical)
    Elapsed: 0.000s  Memory: 386.00M
"inside" in: sky130A_mr.drc:664
    Polygons (raw): 0 (flat)  0 (hierarchical)
    Elapsed: 0.000s  Memory: 386.00M
"space" in: sky130A_mr.drc:665
    Edge pairs: 0 (flat)  0 (hierarchical)
    Elapsed: 0.000s  Memory: 386.00M
"output" in: sky130A_mr.drc:666
    Edge pairs: 0 (flat)  0 (hierarchical)
    Elapsed: 0.000s  Memory: 386.00M
"inside" in: sky130A_mr.drc:668
    Polygons (raw): 0 (flat)  0 (hierarchical)
    Elapsed: 0.000s  Memory: 387.00M
"space" in: sky130A_mr.drc:669
    Edge pairs: 0 (flat)  0 (hierarchical)
    Elapsed: 0.000s  Memory: 387.00M
"with_internal_angle" in: sky130A_mr.drc:670
    Edge pairs: 0 (flat)  0 (hierarchical)
    Elapsed: 0.000s  Memory: 387.00M
"output" in: sky130A_mr.drc:671
    Edge pairs: 0 (flat)  0 (hierarchical)
    Elapsed: 0.000s  Memory: 387.00M
END: 93/44 (nsdm)
START: 94/20 (psdm)
"-" in: sky130A_mr.drc:731
    Polygons (raw): 2499 (flat)  46 (hierarchical)
    Elapsed: 0.000s  Memory: 387.00M
"space" in: sky130A_mr.drc:732
    Edge pairs: 0 (flat)  0 (hierarchical)
    Elapsed: 0.050s  Memory: 388.00M
"output" in: sky130A_mr.drc:733
    Edge pairs: 0 (flat)  0 (hierarchical)
    Elapsed: 0.020s  Memory: 388.00M
"outside" in: sky130A_mr.drc:735
    Polygons (raw): 2499 (flat)  46 (hierarchical)
    Elapsed: 0.000s  Memory: 388.00M
"width" in: sky130A_mr.drc:736
    Edge pairs: 0 (flat)  0 (hierarchical)
    Elapsed: 0.020s  Memory: 388.00M
"output" in: sky130A_mr.drc:737
    Edge pairs: 0 (flat)  0 (hierarchical)
    Elapsed: 0.010s  Memory: 388.00M
"width" in: sky130A_mr.drc:739
    Edge pairs: 0 (flat)  0 (hierarchical)
    Elapsed: 0.020s  Memory: 388.00M
"polygons" in: sky130A_mr.drc:739
    Polygons (raw): 0 (flat)  0 (hierarchical)
    Elapsed: 0.000s  Memory: 388.00M
"interacting" in: sky130A_mr.drc:739
    Polygons (raw): 0 (flat)  0 (hierarchical)
    Elapsed: 0.000s  Memory: 388.00M
"edges" in: sky130A_mr.drc:741
    Edges: 0 (flat)  0 (hierarchical)
    Elapsed: 0.000s  Memory: 388.00M
"outside_part" in: sky130A_mr.drc:741
    Edges: 0 (flat)  0 (hierarchical)
    Elapsed: 0.000s  Memory: 388.00M
"interacting" in: sky130A_mr.drc:740
    Polygons (raw): 0 (flat)  0 (hierarchical)
    Elapsed: 0.000s  Memory: 388.00M
"output" in: sky130A_mr.drc:742
    Polygons (raw): 0 (flat)  0 (hierarchical)
    Elapsed: 0.000s  Memory: 388.00M
"space" in: sky130A_mr.drc:744
    Edge pairs: 0 (flat)  0 (hierarchical)
    Elapsed: 0.050s  Memory: 388.00M
"polygons" in: sky130A_mr.drc:744
    Polygons (raw): 0 (flat)  0 (hierarchical)
    Elapsed: 0.000s  Memory: 388.00M
"interacting" in: sky130A_mr.drc:744
    Polygons (raw): 0 (flat)  0 (hierarchical)
    Elapsed: 0.000s  Memory: 388.00M
"edges" in: sky130A_mr.drc:746
    Edges: 0 (flat)  0 (hierarchical)
    Elapsed: 0.000s  Memory: 388.00M
"outside_part" in: sky130A_mr.drc:746
    Edges: 0 (flat)  0 (hierarchical)
    Elapsed: 0.000s  Memory: 388.00M
"interacting" in: sky130A_mr.drc:745
    Polygons (raw): 0 (flat)  0 (hierarchical)
    Elapsed: 0.000s  Memory: 388.00M
"output" in: sky130A_mr.drc:747
    Polygons (raw): 0 (flat)  0 (hierarchical)
    Elapsed: 0.000s  Memory: 388.00M
"inside" in: sky130A_mr.drc:749
    Polygons (raw): 0 (flat)  0 (hierarchical)
    Elapsed: 0.000s  Memory: 388.00M
"width" in: sky130A_mr.drc:750
    Edge pairs: 0 (flat)  0 (hierarchical)
    Elapsed: 0.000s  Memory: 388.00M
"output" in: sky130A_mr.drc:751
    Edge pairs: 0 (flat)  0 (hierarchical)
    Elapsed: 0.000s  Memory: 388.00M
"inside" in: sky130A_mr.drc:753
    Polygons (raw): 0 (flat)  0 (hierarchical)
    Elapsed: 0.000s  Memory: 388.00M
"space" in: sky130A_mr.drc:754
    Edge pairs: 0 (flat)  0 (hierarchical)
    Elapsed: 0.000s  Memory: 388.00M
"output" in: sky130A_mr.drc:755
    Edge pairs: 0 (flat)  0 (hierarchical)
    Elapsed: 0.000s  Memory: 388.00M
"inside" in: sky130A_mr.drc:757
    Polygons (raw): 0 (flat)  0 (hierarchical)
    Elapsed: 0.000s  Memory: 388.00M
"space" in: sky130A_mr.drc:758
    Edge pairs: 0 (flat)  0 (hierarchical)
    Elapsed: 0.000s  Memory: 388.00M
"with_internal_angle" in: sky130A_mr.drc:759
    Edge pairs: 0 (flat)  0 (hierarchical)
    Elapsed: 0.000s  Memory: 388.00M
"output" in: sky130A_mr.drc:760
    Edge pairs: 0 (flat)  0 (hierarchical)
    Elapsed: 0.000s  Memory: 388.00M
"&" in: sky130A_mr.drc:765
    Polygons (raw): 0 (flat)  0 (hierarchical)
    Elapsed: 0.010s  Memory: 388.00M
"&" in: sky130A_mr.drc:766
    Polygons (raw): 0 (flat)  0 (hierarchical)
    Elapsed: 0.000s  Memory: 388.00M
"output" in: sky130A_mr.drc:767
    Polygons (raw): 0 (flat)  0 (hierarchical)
    Elapsed: 0.000s  Memory: 388.00M
END: 94/20 (psdm)
START: 66/44 (licon)
"&" in: sky130A_mr.drc:777
    Polygons (raw): 0 (flat)  0 (hierarchical)
    Elapsed: 0.000s  Memory: 388.00M
"&" in: sky130A_mr.drc:778
    Polygons (raw): 0 (flat)  0 (hierarchical)
    Elapsed: 0.000s  Memory: 388.00M
"&" in: sky130A_mr.drc:778
    Polygons (raw): 0 (flat)  0 (hierarchical)
    Elapsed: 0.000s  Memory: 388.00M
"outside" in: sky130A_mr.drc:779
    Polygons (raw): 21608 (flat)  3870 (hierarchical)
    Elapsed: 0.010s  Memory: 388.00M
"drc" in: sky130A_mr.drc:781
    Polygons (raw): 21564 (flat)  3832 (hierarchical)
    Elapsed: 0.110s  Memory: 389.00M
"-" in: sky130A_mr.drc:782
    Polygons (raw): 44 (flat)  38 (hierarchical)
    Elapsed: 0.000s  Memory: 389.00M
"drc" in: sky130A_mr.drc:783
    Polygons (raw): 44 (flat)  38 (hierarchical)
    Elapsed: 0.020s  Memory: 389.00M
"drc" in: sky130A_mr.drc:793
    Polygons (raw): 0 (flat)  0 (hierarchical)
    Elapsed: 0.010s  Memory: 389.00M
"-" in: sky130A_mr.drc:794
    Polygons (raw): 21608 (flat)  3870 (hierarchical)
    Elapsed: 0.000s  Memory: 389.00M
"non_rectangles" in: sky130A_mr.drc:798
    Polygons (raw): 0 (flat)  0 (hierarchical)
    Elapsed: 0.050s  Memory: 389.00M
"output" in: sky130A_mr.drc:798
    Polygons (raw): 0 (flat)  0 (hierarchical)
    Elapsed: 0.000s  Memory: 389.00M
"|" in: sky130A_mr.drc:802
    Polygons (raw): 13 (flat)  10 (hierarchical)
    Elapsed: 0.000s  Memory: 389.00M
"&" in: sky130A_mr.drc:802
    Polygons (raw): 13 (flat)  10 (hierarchical)
    Elapsed: 0.010s  Memory: 389.00M
"interacting" in: sky130A_mr.drc:802
    Polygons (raw): 13 (flat)  10 (hierarchical)
    Elapsed: 0.000s  Memory: 389.00M
"&" in: sky130A_mr.drc:802
    Polygons (raw): 13 (flat)  10 (hierarchical)
    Elapsed: 0.000s  Memory: 389.00M
"-" in: sky130A_mr.drc:803
    Polygons (raw): 21564 (flat)  3832 (hierarchical)
    Elapsed: 0.010s  Memory: 389.00M
"space" in: sky130A_mr.drc:803
    Edge pairs: 0 (flat)  0 (hierarchical)
    Elapsed: 0.020s  Memory: 389.00M
"output" in: sky130A_mr.drc:803
    Edge pairs: 0 (flat)  0 (hierarchical)
    Elapsed: 0.000s  Memory: 389.00M
"-" in: sky130A_mr.drc:807
    Polygons (raw): 21564 (flat)  3832 (hierarchical)
    Elapsed: 0.010s  Memory: 389.00M
"drc" in: sky130A_mr.drc:808
    Edges: 0 (flat)  0 (hierarchical)
    Elapsed: 0.070s  Memory: 390.00M
"output" in: sky130A_mr.drc:808
    Edges: 0 (flat)  0 (hierarchical)
    Elapsed: 0.000s  Memory: 390.00M
"&" in: sky130A_mr.drc:813
    Polygons (raw): 17452 (flat)  3472 (hierarchical)
    Elapsed: 0.020s  Memory: 390.00M
"separation" in: sky130A_mr.drc:814
    Edge pairs: 0 (flat)  0 (hierarchical)
    Elapsed: 0.050s  Memory: 390.00M
"output" in: sky130A_mr.drc:815
    Edge pairs: 0 (flat)  0 (hierarchical)
    Elapsed: 0.010s  Memory: 390.00M
"&" in: sky130A_mr.drc:820
    Polygons (raw): 17452 (flat)  3472 (hierarchical)
    Elapsed: 0.020s  Memory: 390.00M
"&" in: sky130A_mr.drc:821
    Polygons (raw): 0 (flat)  0 (hierarchical)
    Elapsed: 0.010s  Memory: 390.00M
"output" in: sky130A_mr.drc:822
    Polygons (raw): 0 (flat)  0 (hierarchical)
    Elapsed: 0.000s  Memory: 390.00M
"&" in: sky130A_mr.drc:827
    Polygons (raw): 4156 (flat)  398 (hierarchical)
    Elapsed: 0.010s  Memory: 390.00M
"&" in: sky130A_mr.drc:828
    Polygons (raw): 0 (flat)  0 (hierarchical)
    Elapsed: 0.000s  Memory: 390.00M
"output" in: sky130A_mr.drc:829
    Polygons (raw): 0 (flat)  0 (hierarchical)
    Elapsed: 0.000s  Memory: 390.00M
"-" in: sky130A_mr.drc:833
    Polygons (raw): 8346 (flat)  479 (hierarchical)
    Elapsed: 0.010s  Memory: 390.00M
"&" in: sky130A_mr.drc:834
    Polygons (raw): 17452 (flat)  3472 (hierarchical)
    Elapsed: 0.020s  Memory: 390.00M
"interacting" in: sky130A_mr.drc:834
    Polygons (raw): 17452 (flat)  3472 (hierarchical)
    Elapsed: 0.020s  Memory: 391.00M
"-" in: sky130A_mr.drc:836
    Polygons (raw): 4156 (flat)  398 (hierarchical)
    Elapsed: 0.010s  Memory: 391.00M
"-" in: sky130A_mr.drc:836
    Polygons (raw): 4156 (flat)  398 (hierarchical)
    Elapsed: 0.010s  Memory: 391.00M
"&" in: sky130A_mr.drc:836
    Polygons (raw): 4156 (flat)  398 (hierarchical)
    Elapsed: 0.010s  Memory: 391.00M
"interacting" in: sky130A_mr.drc:836
    Polygons (raw): 4156 (flat)  398 (hierarchical)
    Elapsed: 0.020s  Memory: 391.00M
"&" in: sky130A_mr.drc:837
    Polygons (raw): 0 (flat)  0 (hierarchical)
    Elapsed: 0.000s  Memory: 391.00M
"enclosing" in: sky130A_mr.drc:838
    Edge pairs: 0 (flat)  0 (hierarchical)
    Elapsed: 0.000s  Memory: 391.00M
"output" in: sky130A_mr.drc:838
    Edge pairs: 0 (flat)  0 (hierarchical)
    Elapsed: 0.000s  Memory: 391.00M
"-" in: sky130A_mr.drc:842
    Polygons (raw): 0 (flat)  0 (hierarchical)
    Elapsed: 0.000s  Memory: 391.00M
"output" in: sky130A_mr.drc:842
    Polygons (raw): 0 (flat)  0 (hierarchical)
    Elapsed: 0.000s  Memory: 391.00M
"outside" in: sky130A_mr.drc:849
    Polygons (raw): 21608 (flat)  3870 (hierarchical)
    Elapsed: 0.000s  Memory: 391.00M
"with_angle" in: sky130A_mr.drc:850
    Edge pairs: 0 (flat)  0 (hierarchical)
    Elapsed: 0.000s  Memory: 391.00M
"output" in: sky130A_mr.drc:850
    Edge pairs: 0 (flat)  0 (hierarchical)
    Elapsed: 0.000s  Memory: 391.00M
"outside" in: sky130A_mr.drc:856
    Polygons (raw): 0 (flat)  0 (hierarchical)
    Elapsed: 0.000s  Memory: 391.00M
"output" in: sky130A_mr.drc:857
    Polygons (raw): 0 (flat)  0 (hierarchical)
    Elapsed: 0.010s  Memory: 391.00M
"|" in: sky130A_mr.drc:862
    Polygons (raw): 13 (flat)  10 (hierarchical)
    Elapsed: 0.000s  Memory: 391.00M
"interacting" in: sky130A_mr.drc:862
    Polygons (raw): 0 (flat)  0 (hierarchical)
    Elapsed: 0.050s  Memory: 391.00M
"output" in: sky130A_mr.drc:863
    Polygons (raw): 0 (flat)  0 (hierarchical)
    Elapsed: 0.000s  Memory: 391.00M
"drc" in: sky130A_mr.drc:869
    Edges: 88 (flat)  76 (hierarchical)
    Elapsed: 0.000s  Memory: 391.00M
"space" in: sky130A_mr.drc:869
    Edge pairs: 0 (flat)  0 (hierarchical)
    Elapsed: 0.000s  Memory: 391.00M
"output" in: sky130A_mr.drc:869
    Edge pairs: 0 (flat)  0 (hierarchical)
    Elapsed: 0.000s  Memory: 391.00M
"drc" in: sky130A_mr.drc:876
    Edges: 88 (flat)  76 (hierarchical)
    Elapsed: 0.000s  Memory: 391.00M
"space" in: sky130A_mr.drc:876
    Edge pairs: 0 (flat)  0 (hierarchical)
    Elapsed: 0.010s  Memory: 391.00M
"output" in: sky130A_mr.drc:876
    Edge pairs: 0 (flat)  0 (hierarchical)
    Elapsed: 0.000s  Memory: 391.00M
"separation" in: sky130A_mr.drc:882
    Edge pairs: 0 (flat)  0 (hierarchical)
    Elapsed: 0.000s  Memory: 391.00M
"output" in: sky130A_mr.drc:882
    Edge pairs: 0 (flat)  0 (hierarchical)
    Elapsed: 0.000s  Memory: 391.00M
"&" in: sky130A_mr.drc:894
    Polygons (raw): 6048 (flat)  2133 (hierarchical)
    Elapsed: 0.010s  Memory: 391.00M
"separation" in: sky130A_mr.drc:895
    Edge pairs: 0 (flat)  0 (hierarchical)
    Elapsed: 0.030s  Memory: 391.00M
"output" in: sky130A_mr.drc:895
    Edge pairs: 0 (flat)  0 (hierarchical)
    Elapsed: 0.000s  Memory: 391.00M
"&" in: sky130A_mr.drc:901
    Polygons (raw): 4112 (flat)  360 (hierarchical)
    Elapsed: 0.010s  Memory: 391.00M
"separation" in: sky130A_mr.drc:902
    Edge pairs: 0 (flat)  0 (hierarchical)
    Elapsed: 0.020s  Memory: 391.00M
"output" in: sky130A_mr.drc:902
    Edge pairs: 0 (flat)  0 (hierarchical)
    Elapsed: 0.000s  Memory: 391.00M
"interacting" in: sky130A_mr.drc:906
    Polygons (raw): 0 (flat)  0 (hierarchical)
    Elapsed: 0.000s  Memory: 391.00M
"output" in: sky130A_mr.drc:906
    Polygons (raw): 0 (flat)  0 (hierarchical)
    Elapsed: 0.000s  Memory: 391.00M
"&" in: sky130A_mr.drc:912
    Polygons (raw): 17452 (flat)  3472 (hierarchical)
    Elapsed: 0.020s  Memory: 391.00M
"outside" in: sky130A_mr.drc:913
    Polygons (raw): 9255 (flat)  3261 (hierarchical)
    Elapsed: 0.050s  Memory: 391.00M
"separation" in: sky130A_mr.drc:914
    Edge pairs: 0 (flat)  0 (hierarchical)
    Elapsed: 0.000s  Memory: 391.00M
"output" in: sky130A_mr.drc:914
    Edge pairs: 0 (flat)  0 (hierarchical)
    Elapsed: 0.000s  Memory: 391.00M
"drc" in: sky130A_mr.drc:920
    Polygons (raw): 0 (flat)  0 (hierarchical)
    Elapsed: 0.050s  Memory: 391.00M
"drc" in: sky130A_mr.drc:921
    Edges: 0 (flat)  0 (hierarchical)
    Elapsed: 0.000s  Memory: 391.00M
"output" in: sky130A_mr.drc:921
    Edges: 0 (flat)  0 (hierarchical)
    Elapsed: 0.000s  Memory: 391.00M
"drc" in: sky130A_mr.drc:927
    Edges: 0 (flat)  0 (hierarchical)
    Elapsed: 0.010s  Memory: 391.00M
"output" in: sky130A_mr.drc:927
    Edges: 0 (flat)  0 (hierarchical)
    Elapsed: 0.000s  Memory: 391.00M
"drc" in: sky130A_mr.drc:931
    Polygons (raw): 0 (flat)  0 (hierarchical)
    Elapsed: 0.000s  Memory: 391.00M
"output" in: sky130A_mr.drc:931
    Polygons (raw): 0 (flat)  0 (hierarchical)
    Elapsed: 0.000s  Memory: 391.00M
END: 66/44 (licon)
START: 61/20 (nsm)
"space" in: sky130A_mr.drc:940
    Edge pairs: 0 (flat)  0 (hierarchical)
    Elapsed: 0.000s  Memory: 391.00M
"output" in: sky130A_mr.drc:940
    Edge pairs: 0 (flat)  0 (hierarchical)
    Elapsed: 0.000s  Memory: 391.00M
"width" in: sky130A_mr.drc:941
    Edge pairs: 0 (flat)  0 (hierarchical)
    Elapsed: 0.000s  Memory: 391.00M
"output" in: sky130A_mr.drc:941
    Edge pairs: 0 (flat)  0 (hierarchical)
    Elapsed: 0.010s  Memory: 391.00M
END: 61/20 (nsm)
START: 89/44 (capm)
"width" in: sky130A_mr.drc:946
    Edge pairs: 0 (flat)  0 (hierarchical)
    Elapsed: 0.000s  Memory: 392.00M
"output" in: sky130A_mr.drc:946
    Edge pairs: 0 (flat)  0 (hierarchical)
    Elapsed: 0.000s  Memory: 392.00M
"space" in: sky130A_mr.drc:950
    Edge pairs: 0 (flat)  0 (hierarchical)
    Elapsed: 0.000s  Memory: 392.00M
"output" in: sky130A_mr.drc:950
    Edge pairs: 0 (flat)  0 (hierarchical)
    Elapsed: 0.000s  Memory: 392.00M
"&" in: sky130A_mr.drc:954
    Polygons (raw): 6 (flat)  6 (hierarchical)
    Elapsed: 0.000s  Memory: 392.00M
"sized" in: sky130A_mr.drc:954
    Polygons (raw): 6 (flat)  6 (hierarchical)
    Elapsed: 0.010s  Memory: 392.00M
"isolated" in: sky130A_mr.drc:956
    Edge pairs: 0 (flat)  0 (hierarchical)
    Elapsed: 0.000s  Memory: 392.00M
"polygons" in: sky130A_mr.drc:957
    Polygons (raw): 0 (flat)  0 (hierarchical)
    Elapsed: 0.000s  Memory: 392.00M
"-" in: sky130A_mr.drc:958
    Polygons (raw): 0 (flat)  0 (hierarchical)
    Elapsed: 0.000s  Memory: 392.00M
"output" in: sky130A_mr.drc:959
    Polygons (raw): 0 (flat)  0 (hierarchical)
    Elapsed: 0.000s  Memory: 392.00M
"not_interacting" in: sky130A_mr.drc:960
    Polygons (raw): 799 (flat)  451 (hierarchical)
    Elapsed: 0.030s  Memory: 392.00M
"separation" in: sky130A_mr.drc:960
    Edge pairs: 0 (flat)  0 (hierarchical)
    Elapsed: 0.000s  Memory: 392.00M
"output" in: sky130A_mr.drc:964
    Edge pairs: 0 (flat)  0 (hierarchical)
    Elapsed: 0.000s  Memory: 392.00M
"enclosing" in: sky130A_mr.drc:969
    Edge pairs: 0 (flat)  0 (hierarchical)
    Elapsed: 0.000s  Memory: 392.00M
"output" in: sky130A_mr.drc:969
    Edge pairs: 0 (flat)  0 (hierarchical)
    Elapsed: 0.000s  Memory: 392.00M
"enclosing" in: sky130A_mr.drc:973
    Edge pairs: 0 (flat)  0 (hierarchical)
    Elapsed: 0.080s  Memory: 392.00M
"output" in: sky130A_mr.drc:973
    Edge pairs: 0 (flat)  0 (hierarchical)
    Elapsed: 0.020s  Memory: 392.00M
"separation" in: sky130A_mr.drc:977
    Edge pairs: 0 (flat)  0 (hierarchical)
    Elapsed: 0.070s  Memory: 392.00M
"output" in: sky130A_mr.drc:977
    Edge pairs: 0 (flat)  0 (hierarchical)
    Elapsed: 0.000s  Memory: 392.00M
"not_interacting" in: sky130A_mr.drc:981
    Polygons (raw): 799 (flat)  451 (hierarchical)
    Elapsed: 0.010s  Memory: 392.00M
"separation" in: sky130A_mr.drc:981
    Edge pairs: 0 (flat)  0 (hierarchical)
    Elapsed: 0.000s  Memory: 392.00M
"output" in: sky130A_mr.drc:981
    Edge pairs: 0 (flat)  0 (hierarchical)
    Elapsed: 0.000s  Memory: 392.00M
END: 89/44 (capm)
START: 97/44 (cap2m)
"width" in: sky130A_mr.drc:989
    Edge pairs: 0 (flat)  0 (hierarchical)
    Elapsed: 0.000s  Memory: 392.00M
"output" in: sky130A_mr.drc:989
    Edge pairs: 0 (flat)  0 (hierarchical)
    Elapsed: 0.010s  Memory: 392.00M
"space" in: sky130A_mr.drc:993
    Edge pairs: 0 (flat)  0 (hierarchical)
    Elapsed: 0.000s  Memory: 392.00M
"output" in: sky130A_mr.drc:993
    Edge pairs: 0 (flat)  0 (hierarchical)
    Elapsed: 0.000s  Memory: 392.00M
"interacting" in: sky130A_mr.drc:998
    Polygons (raw): 0 (flat)  0 (hierarchical)
    Elapsed: 0.000s  Memory: 392.00M
"isolated" in: sky130A_mr.drc:999
    Edge pairs: 0 (flat)  0 (hierarchical)
    Elapsed: 0.000s  Memory: 392.00M
"output" in: sky130A_mr.drc:1000
    Edge pairs: 0 (flat)  0 (hierarchical)
    Elapsed: 0.000s  Memory: 392.00M
"interacting" in: sky130A_mr.drc:1001
    Polygons (raw): 0 (flat)  0 (hierarchical)
    Elapsed: 0.000s  Memory: 392.00M
"isolated" in: sky130A_mr.drc:1001
    Edge pairs: 0 (flat)  0 (hierarchical)
    Elapsed: 0.000s  Memory: 392.00M
"output" in: sky130A_mr.drc:1001
    Edge pairs: 0 (flat)  0 (hierarchical)
    Elapsed: 0.000s  Memory: 392.00M
"&" in: sky130A_mr.drc:1006
    Polygons (raw): 0 (flat)  0 (hierarchical)
    Elapsed: 0.010s  Memory: 392.00M
"enclosing" in: sky130A_mr.drc:1007
    Edge pairs: 0 (flat)  0 (hierarchical)
    Elapsed: 0.000s  Memory: 392.00M
"output" in: sky130A_mr.drc:1008
    Edge pairs: 0 (flat)  0 (hierarchical)
    Elapsed: 0.000s  Memory: 392.00M
"enclosing" in: sky130A_mr.drc:1009
    Edge pairs: 0 (flat)  0 (hierarchical)
    Elapsed: 0.000s  Memory: 392.00M
"output" in: sky130A_mr.drc:1009
    Edge pairs: 0 (flat)  0 (hierarchical)
    Elapsed: 0.000s  Memory: 392.00M
"enclosing" in: sky130A_mr.drc:1013
    Edge pairs: 0 (flat)  0 (hierarchical)
    Elapsed: 0.000s  Memory: 392.00M
"output" in: sky130A_mr.drc:1013
    Edge pairs: 0 (flat)  0 (hierarchical)
    Elapsed: 0.000s  Memory: 392.00M
"separation" in: sky130A_mr.drc:1017
    Edge pairs: 0 (flat)  0 (hierarchical)
    Elapsed: 0.000s  Memory: 392.00M
"output" in: sky130A_mr.drc:1017
    Edge pairs: 0 (flat)  0 (hierarchical)
    Elapsed: 0.000s  Memory: 392.00M
"not_interacting" in: sky130A_mr.drc:1021
    Polygons (raw): 940 (flat)  454 (hierarchical)
    Elapsed: 0.000s  Memory: 392.00M
"separation" in: sky130A_mr.drc:1021
    Edge pairs: 0 (flat)  0 (hierarchical)
    Elapsed: 0.000s  Memory: 392.00M
"output" in: sky130A_mr.drc:1021
    Edge pairs: 0 (flat)  0 (hierarchical)
    Elapsed: 0.000s  Memory: 392.00M
END: 97/44 (cap2m)
FEOL section
START: 75/20 (hvi)
"-" in: sky130A_mr.drc:1614
    Polygons (raw): 0 (flat)  0 (hierarchical)
    Elapsed: 0.000s  Memory: 392.00M
"width" in: sky130A_mr.drc:1615
    Edge pairs: 0 (flat)  0 (hierarchical)
    Elapsed: 0.000s  Memory: 392.00M
"output" in: sky130A_mr.drc:1615
    Edge pairs: 0 (flat)  0 (hierarchical)
    Elapsed: 0.000s  Memory: 392.00M
"space" in: sky130A_mr.drc:1619
    Edge pairs: 0 (flat)  0 (hierarchical)
    Elapsed: 0.000s  Memory: 392.00M
"output" in: sky130A_mr.drc:1619
    Edge pairs: 0 (flat)  0 (hierarchical)
    Elapsed: 0.000s  Memory: 392.00M
END: 75/20 (hvi)
START: 125/20 (hvntm)
"-" in: sky130A_mr.drc:1627
    Polygons (raw): 0 (flat)  0 (hierarchical)
    Elapsed: 0.000s  Memory: 392.00M
"width" in: sky130A_mr.drc:1628
    Edge pairs: 0 (flat)  0 (hierarchical)
    Elapsed: 0.000s  Memory: 392.00M
"output" in: sky130A_mr.drc:1628
    Edge pairs: 0 (flat)  0 (hierarchical)
    Elapsed: 0.000s  Memory: 392.00M
"space" in: sky130A_mr.drc:1632
    Edge pairs: 0 (flat)  0 (hierarchical)
    Elapsed: 0.000s  Memory: 392.00M
"output" in: sky130A_mr.drc:1632
    Edge pairs: 0 (flat)  0 (hierarchical)
    Elapsed: 0.000s  Memory: 392.00M
END: 125/20 (hvntm)
Writing report database: /Users/ganeshpanth/tinytapeout-beamformer-v2/build/v3/control_analog_handoffs/precheck/precheck_feol.xml ..
Total elapsed: 2.160s  Memory: 392.00M
Args:
	sram_exclude: false
	feol: true
	beol: false
	floating_met: false
	offgrid: false
	seal: 
 
Cell exclusion list:
   rule    | cell
   nwell.6 | sky130_fd_io__gpiov2_amux, sky130_fd_io__simple_pad_and_busses
 
release 2025.10.29_01.10
