
Magic 8.3 revision 676 - Compiled on Sun Jul 19 19:34:30 EEST 2026.
Starting magic under Tcl interpreter
Using the terminal as the console.
Using NULL graphics device.
Processing system .magicrc file
Switching to WIRING tool.
Switching to NETLIST tool.
Switching to PICK tool.
Switching to BOX tool.
Sourcing design .magicrc for technology sky130A ...
2 Magic internal units = 1 Lambda
Input style sky130(): scaleFactor=2, multiplier=2
The following types are not handled by extraction and will be treated as non-electrical types:
    ubm 
Scaled tech values by 2 / 1 to match internal grid scaling
Loading sky130A Device Generator Menu ...
Using technology "sky130A", version 1.0.547-2-g0536d02
Warning: Calma reading is not undoable!  I hope that's OK.
Library written using GDS-II Release 6.0
Library name: v3_output_compensation_cap_block
Reading "sky130_fd_sc_hd__and2_1".
Reading "sky130_fd_sc_hd__tapvpwrvgnd_1".
CIF file read warning: CIF style sky130(): units rescaled by factor of 5 / 1
Reading "sky130_fd_sc_hd__mux2_1".
Reading "sky130_fd_sc_hd__fill_1".
Reading "sky130_fd_sc_hd__and2b_1".
Reading "v3_selector_route_pilot".
Reading "v3_channel_input_bias_late_promotion".
Reading "v3_channel_selector_late_promotion".
Reading "v3_four_channel_placement".
Reading "v3_four_channel_output_collection".
Reading "v3_four_channel_phase_distribution".
Reading "v3_four_channel_bias_reference_distribution".
Reading "v3_tail_bias_support_block".
Reading "v3_vcm_support_block".
Reading "v3_output_compensation_cap_block".
Reading "v3_output_load_pair_block".
Reading "v3_four_channel_shared_support_integration".
Reading "v3_four_channel_output_load_integration".
Root cell box:
           width x height  (   llx,  lly  ), (   urx,  ury  )  area (units^2)

microns:  334.880 x 225.760  ( 0.000,  0.000), ( 334.880,  225.760)  75602.500 
lambda:   33488.00 x 22576.00  (  0.00,  0.00 ), ( 33488.00,  22576.00)  756025088.00
internal:  66976 x 45152   (     0,  0    ), ( 66976,  45152)  3024100352
Root cell box:
           width x height  (   llx,  lly  ), (   urx,  ury  )

microns:   0.000 x 0.000   ( 74.980,  0.500), ( 74.980,  0.500)
lambda:     0.00 x 0.00    ( 7498.00,  50.00), ( 7498.00,  50.00)
internal:      0 x 0       ( 14996,  100  ), ( 14996,  100  )
Moving label "res:drive@" from space to metal4 in cell v3_four_channel_output_load_rc_p.
Moving label "res:force@" from space to metal4 in cell v3_four_channel_output_load_rc_p.
DRC style is now "drc(full)"
V3_FOUR_CHANNEL_OUTPUT_RC_DRC_COUNT_p=0
Warning:  Extract option "do unique" disabled because "extract unique" was run.
Processing v3_four_channel_output_load_rc_p
Extracting v3_four_channel_output_load_rc_p into v3_four_channel_output_load_rc_p.ext:
v3_four_channel_output_load_rc_p: 36 warnings
Total of 36 warnings.
V3_FOUR_CHANNEL_OUTPUT_RC_EXTRACTION_FEEDBACK_COUNT_p=36
exttosim finished.
Root cell box:
           width x height  (   llx,  lly  ), (   urx,  ury  )  area (units^2)

microns:  334.880 x 225.760  ( 0.000,  0.000), ( 334.880,  225.760)  75602.500 
lambda:   33488.00 x 22576.00  (  0.00,  0.00 ), ( 33488.00,  22576.00)  756025088.00
internal:  66976 x 45152   (     0,  0    ), ( 66976,  45152)  3024100352
Note:  This option has been deprecated and is unused.
Extracting a_4129_22466#
Extracting w_16994_32855#
Extracting w_20858_32855#
Extracting w_24722_32855#
Extracting w_28586_32855#
Extracting a_17108_37145#
Extracting a_18011_37021#
Extracting a_17059_36993#
Extracting a_18531_37359#
Extracting a_17689_32641#
Extracting a_18711_37359#
Extracting a_20972_37145#
Extracting a_21875_37021#
Extracting a_20923_36993#
Extracting a_22395_37359#
Extracting a_21553_32641#
Extracting a_22575_37359#
Extracting a_24836_37145#
Extracting a_25739_37021#
Extracting a_24787_36993#
Extracting a_26259_37359#
Extracting a_25417_32641#
Extracting a_26439_37359#
Extracting a_28700_37145#
Extracting a_29603_37021#
Extracting a_28651_36993#
Extracting a_30123_37359#
Extracting a_29281_32641#
Extracting a_30303_37359#
Extracting a_17243_36449#
Extracting a_17316_36967#
Extracting a_17537_36967#
Extracting a_17250_37320#
Extracting a_17567_37320#
Extracting a_16756_10376#
Extracting a_17250_36993#
Extracting a_17471_36993#
Extracting a_18097_37021#
Extracting a_16756_10782#
Extracting a_21107_36449#
Extracting a_21180_36967#
Extracting a_21401_36967#
Extracting a_21114_37320#
Extracting a_21431_37320#
Extracting a_18801_36993#
Extracting a_20620_10376#
Extracting a_21114_36993#
Extracting a_21335_36993#
Extracting a_21961_37021#
Extracting a_20620_10782#
Extracting a_24971_36449#
Extracting a_25044_36967#
Extracting a_25265_36967#
Extracting a_24978_37320#
Extracting a_25295_37320#
Extracting a_22665_36993#
Extracting a_24484_10376#
Extracting a_24978_36993#
Extracting a_25199_36993#
Extracting a_25825_37021#
Extracting a_24484_10782#
Extracting a_28835_36449#
Extracting a_28908_36967#
Extracting a_29129_36967#
Extracting a_28842_37320#
Extracting a_29159_37320#
Extracting a_26529_36993#
Extracting a_28348_10376#
Extracting a_28842_36993#
Extracting a_29063_36993#
Extracting a_29689_37021#
Extracting a_28348_10782#
Extracting a_30393_36993#
Extracting a_17292_36681#
Extracting a_17721_36747#
Extracting a_18212_36681#
Extracting a_18641_36747#
Extracting a_21156_36681#
Extracting a_21585_36747#
Extracting a_22076_36681#
Extracting a_22505_36747#
Extracting a_25020_36681#
Extracting a_25449_36747#
Extracting a_25940_36681#
Extracting a_26369_36747#
Extracting a_28884_36681#
Extracting a_29313_36747#
Extracting a_29804_36681#
Extracting a_30233_36747#
Extracting a_17434_36815#
Extracting a_17655_36815#
Extracting a_18354_36815#
Extracting a_18575_36815#
Extracting a_17434_36488#
Extracting a_17751_36488#
Extracting a_21298_36815#
Extracting a_21519_36815#
Extracting a_18354_36488#
Extracting a_18671_36488#
Extracting a_22218_36815#
Extracting a_22439_36815#
Extracting a_21298_36488#
Extracting a_21615_36488#
Extracting a_25162_36815#
Extracting a_25383_36815#
Extracting a_22218_36488#
Extracting a_22535_36488#
Extracting a_26082_36815#
Extracting a_26303_36815#
Extracting a_25162_36488#
Extracting a_25479_36488#
Extracting a_29026_36815#
Extracting a_29247_36815#
Extracting a_26082_36488#
Extracting a_26399_36488#
Extracting a_29946_36815#
Extracting a_30167_36815#
Extracting a_29026_36488#
Extracting a_29343_36488#
Extracting a_29946_36488#
Extracting a_30263_36488#
Extracting a_17108_36057#
Extracting a_18011_35933#
Extracting a_17059_35905#
Extracting a_18531_36271#
Extracting a_18711_36271#
Extracting a_20972_36057#
Extracting a_21875_35933#
Extracting a_20923_35905#
Extracting a_22395_36271#
Extracting a_22575_36271#
Extracting a_24836_36057#
Extracting a_25739_35933#
Extracting a_24787_35905#
Extracting a_26259_36271#
Extracting a_26439_36271#
Extracting a_28700_36057#
Extracting a_29603_35933#
Extracting a_28651_35905#
Extracting a_30123_36271#
Extracting a_30303_36271#
Extracting a_17243_35361#
Extracting a_17316_35879#
Extracting a_17537_35879#
Extracting a_17250_36232#
Extracting a_17567_36232#
Extracting a_16756_14376#
Extracting a_17250_35905#
Extracting a_17471_35905#
Extracting a_18097_35933#
Extracting a_16756_14782#
Extracting a_21107_35361#
Extracting a_21180_35879#
Extracting a_21401_35879#
Extracting a_21114_36232#
Extracting a_21431_36232#
Extracting a_18801_35905#
Extracting a_20620_14376#
Extracting a_21114_35905#
Extracting a_21335_35905#
Extracting a_21961_35933#
Extracting a_20620_14782#
Extracting a_24971_35361#
Extracting a_25044_35879#
Extracting a_25265_35879#
Extracting a_24978_36232#
Extracting a_25295_36232#
Extracting a_22665_35905#
Extracting a_24484_14376#
Extracting a_24978_35905#
Extracting a_25199_35905#
Extracting a_25825_35933#
Extracting a_24484_14782#
Extracting a_28835_35361#
Extracting a_28908_35879#
Extracting a_29129_35879#
Extracting a_28842_36232#
Extracting a_29159_36232#
Extracting a_26529_35905#
Extracting a_28348_14376#
Extracting a_28842_35905#
Extracting a_29063_35905#
Extracting a_29689_35933#
Extracting a_28348_14782#
Extracting a_30393_35905#
Extracting a_17292_35593#
Extracting a_17721_35659#
Extracting a_18212_35593#
Extracting a_18641_35659#
Extracting a_21156_35593#
Extracting a_21585_35659#
Extracting a_22076_35593#
Extracting a_22505_35659#
Extracting a_25020_35593#
Extracting a_25449_35659#
Extracting a_25940_35593#
Extracting a_26369_35659#
Extracting a_28884_35593#
Extracting a_29313_35659#
Extracting a_29804_35593#
Extracting a_30233_35659#
Extracting a_17434_35727#
Extracting a_17655_35727#
Extracting a_18354_35727#
Extracting a_18575_35727#
Extracting a_17434_35400#
Extracting a_17751_35400#
Extracting a_21298_35727#
Extracting a_21519_35727#
Extracting a_18354_35400#
Extracting a_18671_35400#
Extracting a_22218_35727#
Extracting a_22439_35727#
Extracting a_21298_35400#
Extracting a_21615_35400#
Extracting a_25162_35727#
Extracting a_25383_35727#
Extracting a_22218_35400#
Extracting a_22535_35400#
Extracting a_26082_35727#
Extracting a_26303_35727#
Extracting a_25162_35400#
Extracting a_25479_35400#
Extracting a_29026_35727#
Extracting a_29247_35727#
Extracting a_26082_35400#
Extracting a_26399_35400#
Extracting a_29946_35727#
Extracting a_30167_35727#
Extracting a_29026_35400#
Extracting a_29343_35400#
Extracting a_29946_35400#
Extracting a_30263_35400#
Extracting a_17108_34969#
Extracting a_18011_34845#
Extracting a_17059_34817#
Extracting a_18531_35183#
Extracting a_18711_35183#
Extracting a_20972_34969#
Extracting a_21875_34845#
Extracting a_20923_34817#
Extracting a_22395_35183#
Extracting a_22575_35183#
Extracting a_24836_34969#
Extracting a_25739_34845#
Extracting a_24787_34817#
Extracting a_26259_35183#
Extracting a_26439_35183#
Extracting a_28700_34969#
Extracting a_29603_34845#
Extracting a_28651_34817#
Extracting a_30123_35183#
Extracting a_30303_35183#
Extracting a_17243_34273#
Extracting a_17316_34791#
Extracting a_17537_34791#
Extracting a_17250_35144#
Extracting a_17567_35144#
Extracting a_16756_18782#
Extracting a_17250_34817#
Extracting a_17471_34817#
Extracting a_18097_34845#
Extracting a_16756_18376#
Extracting a_21107_34273#
Extracting a_21180_34791#
Extracting a_21401_34791#
Extracting a_21114_35144#
Extracting a_21431_35144#
Extracting a_18801_34817#
Extracting a_20620_18782#
Extracting a_21114_34817#
Extracting a_21335_34817#
Extracting a_21961_34845#
Extracting a_20620_18376#
Extracting a_24971_34273#
Extracting a_25044_34791#
Extracting a_25265_34791#
Extracting a_24978_35144#
Extracting a_25295_35144#
Extracting a_22665_34817#
Extracting a_24484_18782#
Extracting a_24978_34817#
Extracting a_25199_34817#
Extracting a_25825_34845#
Extracting a_24484_18376#
Extracting a_28835_34273#
Extracting a_28908_34791#
Extracting a_29129_34791#
Extracting a_28842_35144#
Extracting a_29159_35144#
Extracting a_26529_34817#
Extracting a_28348_18782#
Extracting a_28842_34817#
Extracting a_29063_34817#
Extracting a_29689_34845#
Extracting a_28348_18376#
Extracting a_30393_34817#
Extracting a_17292_34505#
Extracting a_17721_34571#
Extracting a_18212_34505#
Extracting a_18641_34571#
Extracting a_21156_34505#
Extracting a_21585_34571#
Extracting a_22076_34505#
Extracting a_22505_34571#
Extracting a_25020_34505#
Extracting a_25449_34571#
Extracting a_25940_34505#
Extracting a_26369_34571#
Extracting a_28884_34505#
Extracting a_29313_34571#
Extracting a_29804_34505#
Extracting a_30233_34571#
Extracting a_17434_34639#
Extracting a_17655_34639#
Extracting a_18354_34639#
Extracting a_18575_34639#
Extracting a_17434_34312#
Extracting a_17751_34312#
Extracting a_21298_34639#
Extracting a_21519_34639#
Extracting a_18354_34312#
Extracting a_18671_34312#
Extracting a_22218_34639#
Extracting a_22439_34639#
Extracting a_21298_34312#
Extracting a_21615_34312#
Extracting a_25162_34639#
Extracting a_25383_34639#
Extracting a_22218_34312#
Extracting a_22535_34312#
Extracting a_26082_34639#
Extracting a_26303_34639#
Extracting a_25162_34312#
Extracting a_25479_34312#
Extracting a_29026_34639#
Extracting a_29247_34639#
Extracting a_26082_34312#
Extracting a_26399_34312#
Extracting a_29946_34639#
Extracting a_30167_34639#
Extracting a_29026_34312#
Extracting a_29343_34312#
Extracting a_29946_34312#
Extracting a_30263_34312#
Extracting a_17108_33881#
Extracting a_18011_33757#
Extracting a_17059_33729#
Extracting a_18531_34095#
Extracting a_18711_34095#
Extracting a_20972_33881#
Extracting a_21875_33757#
Extracting a_20923_33729#
Extracting a_22395_34095#
Extracting a_22575_34095#
Extracting a_24836_33881#
Extracting a_25739_33757#
Extracting a_24787_33729#
Extracting a_26259_34095#
Extracting a_26439_34095#
Extracting a_28700_33881#
Extracting a_29603_33757#
Extracting a_28651_33729#
Extracting a_30123_34095#
Extracting a_30303_34095#
Extracting a_17243_33185#
Extracting a_17316_33703#
Extracting a_17537_33703#
Extracting a_17250_34056#
Extracting a_17567_34056#
Extracting a_18148_18782#
Extracting a_17250_33729#
Extracting a_17471_33729#
Extracting a_18097_33757#
Extracting a_18148_18376#
Extracting a_21107_33185#
Extracting a_21180_33703#
Extracting a_21401_33703#
Extracting a_21114_34056#
Extracting a_21431_34056#
Extracting a_18801_33729#
Extracting a_22012_18782#
Extracting a_21114_33729#
Extracting a_21335_33729#
Extracting a_21961_33757#
Extracting a_22012_18376#
Extracting a_24971_33185#
Extracting a_25044_33703#
Extracting a_25265_33703#
Extracting a_24978_34056#
Extracting a_25295_34056#
Extracting a_22665_33729#
Extracting a_25876_18782#
Extracting a_24978_33729#
Extracting a_25199_33729#
Extracting a_25825_33757#
Extracting a_25876_18376#
Extracting a_28835_33185#
Extracting a_28908_33703#
Extracting a_29129_33703#
Extracting a_28842_34056#
Extracting a_29159_34056#
Extracting a_26529_33729#
Extracting a_29740_18782#
Extracting a_28842_33729#
Extracting a_29063_33729#
Extracting a_29689_33757#
Extracting a_29740_18376#
Extracting a_30393_33729#
Extracting a_17292_33417#
Extracting a_17721_33483#
Extracting a_18212_33417#
Extracting a_18641_33483#
Extracting a_21156_33417#
Extracting a_21585_33483#
Extracting a_22076_33417#
Extracting a_22505_33483#
Extracting a_25020_33417#
Extracting a_25449_33483#
Extracting a_25940_33417#
Extracting a_26369_33483#
Extracting a_28884_33417#
Extracting a_29313_33483#
Extracting a_29804_33417#
Extracting a_30233_33483#
Extracting a_17434_33551#
Extracting a_17655_33551#
Extracting a_18354_33551#
Extracting a_18575_33551#
Extracting a_17434_33224#
Extracting a_17751_33224#
Extracting a_21298_33551#
Extracting a_21519_33551#
Extracting a_18354_33224#
Extracting a_18671_33224#
Extracting a_22218_33551#
Extracting a_22439_33551#
Extracting a_21298_33224#
Extracting a_21615_33224#
Extracting a_25162_33551#
Extracting a_25383_33551#
Extracting a_22218_33224#
Extracting a_22535_33224#
Extracting a_26082_33551#
Extracting a_26303_33551#
Extracting a_25162_33224#
Extracting a_25479_33224#
Extracting a_29026_33551#
Extracting a_29247_33551#
Extracting a_26082_33224#
Extracting a_26399_33224#
Extracting a_29946_33551#
Extracting a_30167_33551#
Extracting a_29026_33224#
Extracting a_29343_33224#
Extracting a_29946_33224#
Extracting a_30263_33224#
Extracting a_17243_33007#
Extracting a_17423_33007#
Extracting a_21107_33007#
Extracting a_21287_33007#
Extracting a_24971_33007#
Extracting a_25151_33007#
Extracting a_28835_33007#
Extracting a_29015_33007#
Extracting a_17513_32641#
Extracting a_21377_32641#
Extracting a_25241_32641#
Extracting a_29105_32641#
Extracting a_16626_26020#
Extracting a_14855_23023#
Extracting a_17050_26464#
Extracting a_18018_26020#
Extracting a_18442_26464#
Extracting a_19410_26020#
Extracting a_19834_26464#
Extracting a_10991_23023#
Extracting a_16754_24730#
Extracting a_18146_24730#
Extracting a_19538_24730#
Extracting a_16812_8642#
Extracting a_16626_22020#
Extracting a_17050_22464#
Extracting a_18018_22020#
Extracting a_18442_22464#
Extracting a_19410_22020#
Extracting a_19834_22464#
Extracting a_16754_20730#
Extracting a_18146_20730#
Extracting a_19538_20730#
Extracting a_16626_18020#
Extracting a_17050_18464#
Extracting a_18018_18020#
Extracting a_18442_18464#
Extracting a_19410_18020#
Extracting a_19834_18464#
Extracting a_16754_16730#
Extracting a_18146_16730#
Extracting a_19588_18020#
Extracting a_16626_14020#
Extracting a_17050_14464#
Extracting a_18018_14020#
Extracting a_18442_14464#
Extracting a_19410_14020#
Extracting a_19834_14464#
Extracting a_16804_14020#
Extracting a_18196_14020#
Extracting a_19588_14020#
Extracting a_16626_10020#
Extracting a_17050_10464#
Extracting a_18018_10020#
Extracting a_18442_10464#
Extracting a_19410_10020#
Extracting a_19834_10464#
Extracting a_16804_10020#
Extracting a_18196_10020#
Extracting a_19588_10020#
Extracting a_20490_26020#
Extracting a_20914_26464#
Extracting a_21882_26020#
Extracting a_22306_26464#
Extracting a_23274_26020#
Extracting a_23698_26464#
Extracting a_20618_24730#
Extracting a_22010_24730#
Extracting a_23402_24730#
Extracting a_20490_22020#
Extracting a_20914_22464#
Extracting a_21882_22020#
Extracting a_22306_22464#
Extracting a_23274_22020#
Extracting a_23698_22464#
Extracting a_20618_20730#
Extracting a_22010_20730#
Extracting a_23402_20730#
Extracting a_20490_18020#
Extracting a_20914_18464#
Extracting a_21882_18020#
Extracting a_22306_18464#
Extracting a_23274_18020#
Extracting a_23698_18464#
Extracting a_20618_16730#
Extracting a_22010_16730#
Extracting a_23452_18020#
Extracting a_20490_14020#
Extracting a_20914_14464#
Extracting a_21882_14020#
Extracting a_22306_14464#
Extracting a_23274_14020#
Extracting a_23698_14464#
Extracting a_20668_14020#
Extracting a_22060_14020#
Extracting a_23452_14020#
Extracting a_20490_10020#
Extracting a_20914_10464#
Extracting a_21882_10020#
Extracting a_22306_10464#
Extracting a_23274_10020#
Extracting a_23698_10464#
Extracting a_20668_10020#
Extracting a_22060_10020#
Extracting a_23452_10020#
Extracting a_24354_26020#
Extracting a_24778_26464#
Extracting a_25746_26020#
Extracting a_26170_26464#
Extracting a_27138_26020#
Extracting a_27562_26464#
Extracting a_24482_24730#
Extracting a_25874_24730#
Extracting a_27266_24730#
Extracting a_24354_22020#
Extracting a_24778_22464#
Extracting a_25746_22020#
Extracting a_26170_22464#
Extracting a_27138_22020#
Extracting a_27562_22464#
Extracting a_24482_20730#
Extracting a_25874_20730#
Extracting a_27266_20730#
Extracting a_24354_18020#
Extracting a_24778_18464#
Extracting a_25746_18020#
Extracting a_26170_18464#
Extracting a_27138_18020#
Extracting a_27562_18464#
Extracting a_24482_16730#
Extracting a_25874_16730#
Extracting a_27316_18020#
Extracting a_24354_14020#
Extracting a_24778_14464#
Extracting a_25746_14020#
Extracting a_26170_14464#
Extracting a_27138_14020#
Extracting a_27562_14464#
Extracting a_24532_14020#
Extracting a_25924_14020#
Extracting a_27316_14020#
Extracting a_24354_10020#
Extracting a_24778_10464#
Extracting a_25746_10020#
Extracting a_26170_10464#
Extracting a_27138_10020#
Extracting a_27562_10464#
Extracting a_24532_10020#
Extracting a_25924_10020#
Extracting a_27316_10020#
Extracting a_28218_26020#
Extracting a_28642_26464#
Extracting a_29610_26020#
Extracting a_30034_26464#
Extracting a_31002_26020#
Extracting a_31426_26464#
Extracting a_28346_24730#
Extracting a_29738_24730#
Extracting a_31130_24730#
Extracting a_28218_22020#
Extracting a_28642_22464#
Extracting a_29610_22020#
Extracting a_30034_22464#
Extracting a_31002_22020#
Extracting a_31426_22464#
Extracting a_28346_20730#
Extracting a_29738_20730#
Extracting a_31130_20730#
Extracting a_28218_18020#
Extracting a_28642_18464#
Extracting a_29610_18020#
Extracting a_30034_18464#
Extracting a_31002_18020#
Extracting a_31426_18464#
Extracting a_28346_16730#
Extracting a_29738_16730#
Extracting a_31180_18020#
Extracting a_28218_14020#
Extracting a_28642_14464#
Extracting a_29610_14020#
Extracting a_30034_14464#
Extracting a_31002_14020#
Extracting a_31426_14464#
Extracting a_28396_14020#
Extracting a_29788_14020#
Extracting a_31180_14020#
Extracting a_28218_10020#
Extracting a_28642_10464#
Extracting a_29610_10020#
Extracting a_30034_10464#
Extracting a_31002_10020#
Extracting a_31426_10464#
Extracting a_28396_10020#
Extracting a_29788_10020#
Extracting a_31180_10020#
Total Nets: 721
Nets extracted: 652 (0.904300)
Nets output: 652 (0.904300)
exttospice finished.
exttospice finished.
V3_FOUR_CHANNEL_OUTPUT_BASE_SPICE_p=/home/jason-stone/tinytapeout-beamformer-v2-routefix/build/v3/four_channel_output_load_integration/rc/output_p_base.spice
V3_FOUR_CHANNEL_OUTPUT_RC_SPICE_p=/home/jason-stone/tinytapeout-beamformer-v2-routefix/build/v3/four_channel_output_load_integration/rc/output_p_rc.spice
V3_FOUR_CHANNEL_OUTPUT_RES_EXT_p=/home/jason-stone/tinytapeout-beamformer-v2-routefix/build/v3/four_channel_output_load_integration/rc/v3_four_channel_output_load_rc_p.res.ext
Root cell box:
           width x height  (   llx,  lly  ), (   urx,  ury  )  area (units^2)

microns:  334.880 x 225.760  ( 0.000,  0.000), ( 334.880,  225.760)  75602.500 
lambda:   33488.00 x 22576.00  (  0.00,  0.00 ), ( 33488.00,  22576.00)  756025088.00
internal:  66976 x 45152   (     0,  0    ), ( 66976,  45152)  3024100352
Root cell box:
           width x height  (   llx,  lly  ), (   urx,  ury  )

microns:   0.000 x 0.000   ( 55.660,  0.500), ( 55.660,  0.500)
lambda:     0.00 x 0.00    ( 5566.00,  50.00), ( 5566.00,  50.00)
internal:      0 x 0       ( 11132,  100  ), ( 11132,  100  )
Moving label "res:drive@" from space to metal4 in cell v3_four_channel_output_load_rc_n.
Moving label "res:force@" from space to metal4 in cell v3_four_channel_output_load_rc_n.
DRC style is now "drc(full)"
V3_FOUR_CHANNEL_OUTPUT_RC_DRC_COUNT_n=0
Processing v3_four_channel_output_load_rc_n
Extracting v3_four_channel_output_load_rc_n into v3_four_channel_output_load_rc_n.ext:
v3_four_channel_output_load_rc_n: 36 warnings
Total of 36 warnings.
V3_FOUR_CHANNEL_OUTPUT_RC_EXTRACTION_FEEDBACK_COUNT_n=36
exttosim finished.
Root cell box:
           width x height  (   llx,  lly  ), (   urx,  ury  )  area (units^2)

microns:  334.880 x 225.760  ( 0.000,  0.000), ( 334.880,  225.760)  75602.500 
lambda:   33488.00 x 22576.00  (  0.00,  0.00 ), ( 33488.00,  22576.00)  756025088.00
internal:  66976 x 45152   (     0,  0    ), ( 66976,  45152)  3024100352
Note:  This option has been deprecated and is unused.
Extracting a_4129_22466#
Extracting w_16994_32855#
Extracting w_20858_32855#
Extracting w_24722_32855#
Extracting w_28586_32855#
Extracting a_17108_37145#
Extracting a_18011_37021#
Extracting a_17059_36993#
Extracting a_18531_37359#
Extracting a_17689_32641#
Extracting a_18711_37359#
Extracting a_20972_37145#
Extracting a_21875_37021#
Extracting a_20923_36993#
Extracting a_22395_37359#
Extracting a_21553_32641#
Extracting a_22575_37359#
Extracting a_24836_37145#
Extracting a_25739_37021#
Extracting a_24787_36993#
Extracting a_26259_37359#
Extracting a_25417_32641#
Extracting a_26439_37359#
Extracting a_28700_37145#
Extracting a_29603_37021#
Extracting a_28651_36993#
Extracting a_30123_37359#
Extracting a_29281_32641#
Extracting a_30303_37359#
Extracting a_17243_36449#
Extracting a_17316_36967#
Extracting a_17537_36967#
Extracting a_17250_37320#
Extracting a_17567_37320#
Extracting a_16756_10376#
Extracting a_17250_36993#
Extracting a_17471_36993#
Extracting a_18097_37021#
Extracting a_16756_10782#
Extracting a_21107_36449#
Extracting a_21180_36967#
Extracting a_21401_36967#
Extracting a_21114_37320#
Extracting a_21431_37320#
Extracting a_18801_36993#
Extracting a_20620_10376#
Extracting a_21114_36993#
Extracting a_21335_36993#
Extracting a_21961_37021#
Extracting a_20620_10782#
Extracting a_24971_36449#
Extracting a_25044_36967#
Extracting a_25265_36967#
Extracting a_24978_37320#
Extracting a_25295_37320#
Extracting a_22665_36993#
Extracting a_24484_10376#
Extracting a_24978_36993#
Extracting a_25199_36993#
Extracting a_25825_37021#
Extracting a_24484_10782#
Extracting a_28835_36449#
Extracting a_28908_36967#
Extracting a_29129_36967#
Extracting a_28842_37320#
Extracting a_29159_37320#
Extracting a_26529_36993#
Extracting a_28348_10376#
Extracting a_28842_36993#
Extracting a_29063_36993#
Extracting a_29689_37021#
Extracting a_28348_10782#
Extracting a_30393_36993#
Extracting a_17292_36681#
Extracting a_17721_36747#
Extracting a_18212_36681#
Extracting a_18641_36747#
Extracting a_21156_36681#
Extracting a_21585_36747#
Extracting a_22076_36681#
Extracting a_22505_36747#
Extracting a_25020_36681#
Extracting a_25449_36747#
Extracting a_25940_36681#
Extracting a_26369_36747#
Extracting a_28884_36681#
Extracting a_29313_36747#
Extracting a_29804_36681#
Extracting a_30233_36747#
Extracting a_17434_36815#
Extracting a_17655_36815#
Extracting a_18354_36815#
Extracting a_18575_36815#
Extracting a_17434_36488#
Extracting a_17751_36488#
Extracting a_21298_36815#
Extracting a_21519_36815#
Extracting a_18354_36488#
Extracting a_18671_36488#
Extracting a_22218_36815#
Extracting a_22439_36815#
Extracting a_21298_36488#
Extracting a_21615_36488#
Extracting a_25162_36815#
Extracting a_25383_36815#
Extracting a_22218_36488#
Extracting a_22535_36488#
Extracting a_26082_36815#
Extracting a_26303_36815#
Extracting a_25162_36488#
Extracting a_25479_36488#
Extracting a_29026_36815#
Extracting a_29247_36815#
Extracting a_26082_36488#
Extracting a_26399_36488#
Extracting a_29946_36815#
Extracting a_30167_36815#
Extracting a_29026_36488#
Extracting a_29343_36488#
Extracting a_29946_36488#
Extracting a_30263_36488#
Extracting a_17108_36057#
Extracting a_18011_35933#
Extracting a_17059_35905#
Extracting a_18531_36271#
Extracting a_18711_36271#
Extracting a_20972_36057#
Extracting a_21875_35933#
Extracting a_20923_35905#
Extracting a_22395_36271#
Extracting a_22575_36271#
Extracting a_24836_36057#
Extracting a_25739_35933#
Extracting a_24787_35905#
Extracting a_26259_36271#
Extracting a_26439_36271#
Extracting a_28700_36057#
Extracting a_29603_35933#
Extracting a_28651_35905#
Extracting a_30123_36271#
Extracting a_30303_36271#
Extracting a_17243_35361#
Extracting a_17316_35879#
Extracting a_17537_35879#
Extracting a_17250_36232#
Extracting a_17567_36232#
Extracting a_16756_14376#
Extracting a_17250_35905#
Extracting a_17471_35905#
Extracting a_18097_35933#
Extracting a_16756_14782#
Extracting a_21107_35361#
Extracting a_21180_35879#
Extracting a_21401_35879#
Extracting a_21114_36232#
Extracting a_21431_36232#
Extracting a_18801_35905#
Extracting a_20620_14376#
Extracting a_21114_35905#
Extracting a_21335_35905#
Extracting a_21961_35933#
Extracting a_20620_14782#
Extracting a_24971_35361#
Extracting a_25044_35879#
Extracting a_25265_35879#
Extracting a_24978_36232#
Extracting a_25295_36232#
Extracting a_22665_35905#
Extracting a_24484_14376#
Extracting a_24978_35905#
Extracting a_25199_35905#
Extracting a_25825_35933#
Extracting a_24484_14782#
Extracting a_28835_35361#
Extracting a_28908_35879#
Extracting a_29129_35879#
Extracting a_28842_36232#
Extracting a_29159_36232#
Extracting a_26529_35905#
Extracting a_28348_14376#
Extracting a_28842_35905#
Extracting a_29063_35905#
Extracting a_29689_35933#
Extracting a_28348_14782#
Extracting a_30393_35905#
Extracting a_17292_35593#
Extracting a_17721_35659#
Extracting a_18212_35593#
Extracting a_18641_35659#
Extracting a_21156_35593#
Extracting a_21585_35659#
Extracting a_22076_35593#
Extracting a_22505_35659#
Extracting a_25020_35593#
Extracting a_25449_35659#
Extracting a_25940_35593#
Extracting a_26369_35659#
Extracting a_28884_35593#
Extracting a_29313_35659#
Extracting a_29804_35593#
Extracting a_30233_35659#
Extracting a_17434_35727#
Extracting a_17655_35727#
Extracting a_18354_35727#
Extracting a_18575_35727#
Extracting a_17434_35400#
Extracting a_17751_35400#
Extracting a_21298_35727#
Extracting a_21519_35727#
Extracting a_18354_35400#
Extracting a_18671_35400#
Extracting a_22218_35727#
Extracting a_22439_35727#
Extracting a_21298_35400#
Extracting a_21615_35400#
Extracting a_25162_35727#
Extracting a_25383_35727#
Extracting a_22218_35400#
Extracting a_22535_35400#
Extracting a_26082_35727#
Extracting a_26303_35727#
Extracting a_25162_35400#
Extracting a_25479_35400#
Extracting a_29026_35727#
Extracting a_29247_35727#
Extracting a_26082_35400#
Extracting a_26399_35400#
Extracting a_29946_35727#
Extracting a_30167_35727#
Extracting a_29026_35400#
Extracting a_29343_35400#
Extracting a_29946_35400#
Extracting a_30263_35400#
Extracting a_17108_34969#
Extracting a_18011_34845#
Extracting a_17059_34817#
Extracting a_18531_35183#
Extracting a_18711_35183#
Extracting a_20972_34969#
Extracting a_21875_34845#
Extracting a_20923_34817#
Extracting a_22395_35183#
Extracting a_22575_35183#
Extracting a_24836_34969#
Extracting a_25739_34845#
Extracting a_24787_34817#
Extracting a_26259_35183#
Extracting a_26439_35183#
Extracting a_28700_34969#
Extracting a_29603_34845#
Extracting a_28651_34817#
Extracting a_30123_35183#
Extracting a_30303_35183#
Extracting a_17243_34273#
Extracting a_17316_34791#
Extracting a_17537_34791#
Extracting a_17250_35144#
Extracting a_17567_35144#
Extracting a_16756_18782#
Extracting a_17250_34817#
Extracting a_17471_34817#
Extracting a_18097_34845#
Extracting a_16756_18376#
Extracting a_21107_34273#
Extracting a_21180_34791#
Extracting a_21401_34791#
Extracting a_21114_35144#
Extracting a_21431_35144#
Extracting a_18801_34817#
Extracting a_20620_18782#
Extracting a_21114_34817#
Extracting a_21335_34817#
Extracting a_21961_34845#
Extracting a_20620_18376#
Extracting a_24971_34273#
Extracting a_25044_34791#
Extracting a_25265_34791#
Extracting a_24978_35144#
Extracting a_25295_35144#
Extracting a_22665_34817#
Extracting a_24484_18782#
Extracting a_24978_34817#
Extracting a_25199_34817#
Extracting a_25825_34845#
Extracting a_24484_18376#
Extracting a_28835_34273#
Extracting a_28908_34791#
Extracting a_29129_34791#
Extracting a_28842_35144#
Extracting a_29159_35144#
Extracting a_26529_34817#
Extracting a_28348_18782#
Extracting a_28842_34817#
Extracting a_29063_34817#
Extracting a_29689_34845#
Extracting a_28348_18376#
Extracting a_30393_34817#
Extracting a_17292_34505#
Extracting a_17721_34571#
Extracting a_18212_34505#
Extracting a_18641_34571#
Extracting a_21156_34505#
Extracting a_21585_34571#
Extracting a_22076_34505#
Extracting a_22505_34571#
Extracting a_25020_34505#
Extracting a_25449_34571#
Extracting a_25940_34505#
Extracting a_26369_34571#
Extracting a_28884_34505#
Extracting a_29313_34571#
Extracting a_29804_34505#
Extracting a_30233_34571#
Extracting a_17434_34639#
Extracting a_17655_34639#
Extracting a_18354_34639#
Extracting a_18575_34639#
Extracting a_17434_34312#
Extracting a_17751_34312#
Extracting a_21298_34639#
Extracting a_21519_34639#
Extracting a_18354_34312#
Extracting a_18671_34312#
Extracting a_22218_34639#
Extracting a_22439_34639#
Extracting a_21298_34312#
Extracting a_21615_34312#
Extracting a_25162_34639#
Extracting a_25383_34639#
Extracting a_22218_34312#
Extracting a_22535_34312#
Extracting a_26082_34639#
Extracting a_26303_34639#
Extracting a_25162_34312#
Extracting a_25479_34312#
Extracting a_29026_34639#
Extracting a_29247_34639#
Extracting a_26082_34312#
Extracting a_26399_34312#
Extracting a_29946_34639#
Extracting a_30167_34639#
Extracting a_29026_34312#
Extracting a_29343_34312#
Extracting a_29946_34312#
Extracting a_30263_34312#
Extracting a_17108_33881#
Extracting a_18011_33757#
Extracting a_17059_33729#
Extracting a_18531_34095#
Extracting a_18711_34095#
Extracting a_20972_33881#
Extracting a_21875_33757#
Extracting a_20923_33729#
Extracting a_22395_34095#
Extracting a_22575_34095#
Extracting a_24836_33881#
Extracting a_25739_33757#
Extracting a_24787_33729#
Extracting a_26259_34095#
Extracting a_26439_34095#
Extracting a_28700_33881#
Extracting a_29603_33757#
Extracting a_28651_33729#
Extracting a_30123_34095#
Extracting a_30303_34095#
Extracting a_17243_33185#
Extracting a_17316_33703#
Extracting a_17537_33703#
Extracting a_17250_34056#
Extracting a_17567_34056#
Extracting a_18148_18782#
Extracting a_17250_33729#
Extracting a_17471_33729#
Extracting a_18097_33757#
Extracting a_18148_18376#
Extracting a_21107_33185#
Extracting a_21180_33703#
Extracting a_21401_33703#
Extracting a_21114_34056#
Extracting a_21431_34056#
Extracting a_18801_33729#
Extracting a_22012_18782#
Extracting a_21114_33729#
Extracting a_21335_33729#
Extracting a_21961_33757#
Extracting a_22012_18376#
Extracting a_24971_33185#
Extracting a_25044_33703#
Extracting a_25265_33703#
Extracting a_24978_34056#
Extracting a_25295_34056#
Extracting a_22665_33729#
Extracting a_25876_18782#
Extracting a_24978_33729#
Extracting a_25199_33729#
Extracting a_25825_33757#
Extracting a_25876_18376#
Extracting a_28835_33185#
Extracting a_28908_33703#
Extracting a_29129_33703#
Extracting a_28842_34056#
Extracting a_29159_34056#
Extracting a_26529_33729#
Extracting a_29740_18782#
Extracting a_28842_33729#
Extracting a_29063_33729#
Extracting a_29689_33757#
Extracting a_29740_18376#
Extracting a_30393_33729#
Extracting a_17292_33417#
Extracting a_17721_33483#
Extracting a_18212_33417#
Extracting a_18641_33483#
Extracting a_21156_33417#
Extracting a_21585_33483#
Extracting a_22076_33417#
Extracting a_22505_33483#
Extracting a_25020_33417#
Extracting a_25449_33483#
Extracting a_25940_33417#
Extracting a_26369_33483#
Extracting a_28884_33417#
Extracting a_29313_33483#
Extracting a_29804_33417#
Extracting a_30233_33483#
Extracting a_17434_33551#
Extracting a_17655_33551#
Extracting a_18354_33551#
Extracting a_18575_33551#
Extracting a_17434_33224#
Extracting a_17751_33224#
Extracting a_21298_33551#
Extracting a_21519_33551#
Extracting a_18354_33224#
Extracting a_18671_33224#
Extracting a_22218_33551#
Extracting a_22439_33551#
Extracting a_21298_33224#
Extracting a_21615_33224#
Extracting a_25162_33551#
Extracting a_25383_33551#
Extracting a_22218_33224#
Extracting a_22535_33224#
Extracting a_26082_33551#
Extracting a_26303_33551#
Extracting a_25162_33224#
Extracting a_25479_33224#
Extracting a_29026_33551#
Extracting a_29247_33551#
Extracting a_26082_33224#
Extracting a_26399_33224#
Extracting a_29946_33551#
Extracting a_30167_33551#
Extracting a_29026_33224#
Extracting a_29343_33224#
Extracting a_29946_33224#
Extracting a_30263_33224#
Extracting a_17243_33007#
Extracting a_17423_33007#
Extracting a_21107_33007#
Extracting a_21287_33007#
Extracting a_24971_33007#
Extracting a_25151_33007#
Extracting a_28835_33007#
Extracting a_29015_33007#
Extracting a_17513_32641#
Extracting a_21377_32641#
Extracting a_25241_32641#
Extracting a_29105_32641#
Extracting a_16626_26020#
Extracting a_14855_23023#
Extracting a_17050_26464#
Extracting a_18018_26020#
Extracting a_18442_26464#
Extracting a_19410_26020#
Extracting a_19834_26464#
Extracting a_10991_23023#
Extracting a_16754_24730#
Extracting a_18146_24730#
Extracting a_19538_24730#
Extracting a_16812_8642#
Extracting a_16626_22020#
Extracting a_17050_22464#
Extracting a_18018_22020#
Extracting a_18442_22464#
Extracting a_19410_22020#
Extracting a_19834_22464#
Extracting a_16754_20730#
Extracting a_18146_20730#
Extracting a_19538_20730#
Extracting a_16626_18020#
Extracting a_17050_18464#
Extracting a_18018_18020#
Extracting a_18442_18464#
Extracting a_19410_18020#
Extracting a_19834_18464#
Extracting a_16754_16730#
Extracting a_18146_16730#
Extracting a_19588_18020#
Extracting a_16626_14020#
Extracting a_17050_14464#
Extracting a_18018_14020#
Extracting a_18442_14464#
Extracting a_19410_14020#
Extracting a_19834_14464#
Extracting a_16804_14020#
Extracting a_18196_14020#
Extracting a_19588_14020#
Extracting a_16626_10020#
Extracting a_17050_10464#
Extracting a_18018_10020#
Extracting a_18442_10464#
Extracting a_19410_10020#
Extracting a_19834_10464#
Extracting a_16804_10020#
Extracting a_18196_10020#
Extracting a_19588_10020#
Extracting a_20490_26020#
Extracting a_20914_26464#
Extracting a_21882_26020#
Extracting a_22306_26464#
Extracting a_23274_26020#
Extracting a_23698_26464#
Extracting a_20618_24730#
Extracting a_22010_24730#
Extracting a_23402_24730#
Extracting a_20490_22020#
Extracting a_20914_22464#
Extracting a_21882_22020#
Extracting a_22306_22464#
Extracting a_23274_22020#
Extracting a_23698_22464#
Extracting a_20618_20730#
Extracting a_22010_20730#
Extracting a_23402_20730#
Extracting a_20490_18020#
Extracting a_20914_18464#
Extracting a_21882_18020#
Extracting a_22306_18464#
Extracting a_23274_18020#
Extracting a_23698_18464#
Extracting a_20618_16730#
Extracting a_22010_16730#
Extracting a_23452_18020#
Extracting a_20490_14020#
Extracting a_20914_14464#
Extracting a_21882_14020#
Extracting a_22306_14464#
Extracting a_23274_14020#
Extracting a_23698_14464#
Extracting a_20668_14020#
Extracting a_22060_14020#
Extracting a_23452_14020#
Extracting a_20490_10020#
Extracting a_20914_10464#
Extracting a_21882_10020#
Extracting a_22306_10464#
Extracting a_23274_10020#
Extracting a_23698_10464#
Extracting a_20668_10020#
Extracting a_22060_10020#
Extracting a_23452_10020#
Extracting a_24354_26020#
Extracting a_24778_26464#
Extracting a_25746_26020#
Extracting a_26170_26464#
Extracting a_27138_26020#
Extracting a_27562_26464#
Extracting a_24482_24730#
Extracting a_25874_24730#
Extracting a_27266_24730#
Extracting a_24354_22020#
Extracting a_24778_22464#
Extracting a_25746_22020#
Extracting a_26170_22464#
Extracting a_27138_22020#
Extracting a_27562_22464#
Extracting a_24482_20730#
Extracting a_25874_20730#
Extracting a_27266_20730#
Extracting a_24354_18020#
Extracting a_24778_18464#
Extracting a_25746_18020#
Extracting a_26170_18464#
Extracting a_27138_18020#
Extracting a_27562_18464#
Extracting a_24482_16730#
Extracting a_25874_16730#
Extracting a_27316_18020#
Extracting a_24354_14020#
Extracting a_24778_14464#
Extracting a_25746_14020#
Extracting a_26170_14464#
Extracting a_27138_14020#
Extracting a_27562_14464#
Extracting a_24532_14020#
Extracting a_25924_14020#
Extracting a_27316_14020#
Extracting a_24354_10020#
Extracting a_24778_10464#
Extracting a_25746_10020#
Extracting a_26170_10464#
Extracting a_27138_10020#
Extracting a_27562_10464#
Extracting a_24532_10020#
Extracting a_25924_10020#
Extracting a_27316_10020#
Extracting a_28218_26020#
Extracting a_28642_26464#
Extracting a_29610_26020#
Extracting a_30034_26464#
Extracting a_31002_26020#
Extracting a_31426_26464#
Extracting a_28346_24730#
Extracting a_29738_24730#
Extracting a_31130_24730#
Extracting a_28218_22020#
Extracting a_28642_22464#
Extracting a_29610_22020#
Extracting a_30034_22464#
Extracting a_31002_22020#
Extracting a_31426_22464#
Extracting a_28346_20730#
Extracting a_29738_20730#
Extracting a_31130_20730#
Extracting a_28218_18020#
Extracting a_28642_18464#
Extracting a_29610_18020#
Extracting a_30034_18464#
Extracting a_31002_18020#
Extracting a_31426_18464#
Extracting a_28346_16730#
Extracting a_29738_16730#
Extracting a_31180_18020#
Extracting a_28218_14020#
Extracting a_28642_14464#
Extracting a_29610_14020#
Extracting a_30034_14464#
Extracting a_31002_14020#
Extracting a_31426_14464#
Extracting a_28396_14020#
Extracting a_29788_14020#
Extracting a_31180_14020#
Extracting a_28218_10020#
Extracting a_28642_10464#
Extracting a_29610_10020#
Extracting a_30034_10464#
Extracting a_31002_10020#
Extracting a_31426_10464#
Extracting a_28396_10020#
Extracting a_29788_10020#
Extracting a_31180_10020#
Total Nets: 721
Nets extracted: 652 (0.904300)
Nets output: 652 (0.904300)
exttospice finished.
exttospice finished.
V3_FOUR_CHANNEL_OUTPUT_BASE_SPICE_n=/home/jason-stone/tinytapeout-beamformer-v2-routefix/build/v3/four_channel_output_load_integration/rc/output_n_base.spice
V3_FOUR_CHANNEL_OUTPUT_RC_SPICE_n=/home/jason-stone/tinytapeout-beamformer-v2-routefix/build/v3/four_channel_output_load_integration/rc/output_n_rc.spice
V3_FOUR_CHANNEL_OUTPUT_RES_EXT_n=/home/jason-stone/tinytapeout-beamformer-v2-routefix/build/v3/four_channel_output_load_integration/rc/v3_four_channel_output_load_rc_n.res.ext
